params=4,568,710  n_step=5  reward_scale=0.02  n_envs=8  PER=True
steps=   3202  episodes=   10  return= -10.00  mean20=  -4.00  succ20= 0.0%  eps=0.996  key= 70% door= 10% right=  0% water=  0% lava=  0% goal=  0%
steps=   4812  episodes=   20  return=  -5.00  mean20=  -5.25  succ20= 0.0%  eps=0.993  key= 60% door= 10% right=  0% water=  0% lava=  0% goal=  0%
steps=   6422  episodes=   30  return=  -5.00  mean20=  -7.50  succ20= 0.0%  eps=0.991  key= 40% door=  5% right=  0% water=  0% lava=  0% goal=  0%
steps=   8032  episodes=   40  return=  -5.00  mean20=  -7.25  succ20= 0.0%  eps=0.989  key= 55% door=  0% right=  0% water=  0% lava=  0% goal=  0%
steps=  11242  episodes=   50  return=  -5.00  mean20=  -6.50  succ20= 0.0%  eps=0.985  key= 60% door=  5% right=  0% water=  0% lava=  0% goal=  0%
steps=  12852  episodes=   60  return=  -5.00  mean20=  -6.25  succ20= 0.0%  eps=0.983  key= 40% door= 10% right=  0% water=  0% lava=  0% goal=  0%
steps=  14462  episodes=   70  return= -10.00  mean20=  -6.25  succ20= 0.0%  eps=0.980  key= 50% door=  5% right=  0% water=  0% lava=  0% goal=  0%
steps=  16072  episodes=   80  return=  -5.00  mean20=  -6.75  succ20= 0.0%  eps=0.978  key= 55% door=  5% right=  0% water=  0% lava=  0% goal=  0%
steps=  19282  episodes=   90  return=  -5.00  mean20=  -6.75  succ20= 0.0%  eps=0.974  key= 55% door=  5% right=  0% water=  0% lava=  0% goal=  0%
steps=  20892  episodes=  100  return= -10.00  mean20=  -7.00  succ20= 0.0%  eps=0.972  key= 60% door=  0% right=  0% water=  0% lava=  0% goal=  0%
steps=  22502  episodes=  110  return= -10.00  mean20=  -5.50  succ20= 0.0%  eps=0.969  key= 65% door=  5% right=  0% water=  0% lava=  0% goal=  0%
steps=  24112  episodes=  120  return=  -5.00  mean20=  -5.00  succ20= 0.0%  eps=0.967  key= 65% door= 10% right=  0% water=  0% lava=  0% goal=  0%
steps=  27322  episodes=  130  return=  -5.00  mean20=  -7.25  succ20= 0.0%  eps=0.963  key= 45% door=  5% right=  0% water=  0% lava=  0% goal=  0%
steps=  28932  episodes=  140  return=  35.00  mean20=  -5.75  succ20= 0.0%  eps=0.961  key= 45% door=  5% right=  5% water=  0% lava=  0% goal=  0%
steps=  30542  episodes=  150  return= -10.00  mean20=  -5.00  succ20= 0.0%  eps=0.959  key= 60% door=  5% right=  5% water=  0% lava=  0% goal=  0%
steps=  32152  episodes=  160  return=  -5.00  mean20=  -5.00  succ20= 0.0%  eps=0.956  key= 65% door= 10% right=  0% water=  0% lava=  0% goal=  0%
steps=  35362  episodes=  170  return=  -5.00  mean20=  -5.00  succ20= 0.0%  eps=0.952  key= 65% door= 10% right=  0% water=  0% lava=  0% goal=  0%
steps=  36972  episodes=  180  return= -10.00  mean20=  -6.50  succ20= 0.0%  eps=0.950  key= 45% door=  5% right=  0% water=  0% lava=  0% goal=  0%
steps=  38582  episodes=  190  return=  -5.00  mean20=  -3.50  succ20= 0.0%  eps=0.948  key= 45% door= 10% right=  5% water=  5% lava=  0% goal=  0%
steps=  40192  episodes=  200  return= -10.00  mean20=  -4.00  succ20= 0.0%  eps=0.945  key= 60% door=  5% right=  5% water=  5% lava=  0% goal=  0%
steps=  43402  episodes=  210  return=  -5.00  mean20=  -6.25  succ20= 0.0%  eps=0.941  key= 75% door=  0% right=  0% water=  0% lava=  0% goal=  0%
steps=  45012  episodes=  220  return= -10.00  mean20=  -6.75  succ20= 0.0%  eps=0.939  key= 65% door=  0% right=  0% water=  0% lava=  0% goal=  0%
steps=  46622  episodes=  230  return=  -5.00  mean20=  -8.00  succ20= 0.0%  eps=0.937  key= 40% door=  0% right=  0% water=  0% lava=  0% goal=  0%
steps=  48232  episodes=  240  return=  -5.00  mean20=  -7.00  succ20= 0.0%  eps=0.935  key= 60% door=  0% right=  0% water=  0% lava=  0% goal=  0%
steps=  51442  episodes=  250  return=  -5.00  mean20=  -4.50  succ20= 0.0%  eps=0.930  key= 85% door=  5% right=  0% water=  0% lava=  0% goal=  0%
steps=  53052  episodes=  260  return=  -5.00  mean20=  -3.50  succ20= 0.0%  eps=0.928  key= 80% door= 10% right=  0% water=  0% lava=  0% goal=  0%
steps=  54662  episodes=  270  return= -10.00  mean20=  -3.50  succ20= 0.0%  eps=0.926  key= 55% door= 15% right=  0% water=  0% lava=  0% goal=  0%
steps=  56272  episodes=  280  return=  -5.00  mean20=  -4.50  succ20= 0.0%  eps=0.924  key= 60% door= 10% right=  0% water=  0% lava=  0% goal=  0%
steps=  59482  episodes=  290  return= -10.00  mean20=  -6.00  succ20= 0.0%  eps=0.919  key= 80% door=  0% right=  0% water=  0% lava=  0% goal=  0%
steps=  61092  episodes=  300  return=  -5.00  mean20=  -5.00  succ20= 0.0%  eps=0.917  key= 75% door=  5% right=  0% water=  0% lava=  0% goal=  0%
steps=  62702  episodes=  310  return= -10.00  mean20=  -5.25  succ20= 0.0%  eps=0.915  key= 70% door=  5% right=  0% water=  0% lava=  0% goal=  0%
steps=  64312  episodes=  320  return=  -5.00  mean20=  -5.50  succ20= 0.0%  eps=0.913  key= 65% door=  5% right=  0% water=  0% lava=  0% goal=  0%
steps=  67522  episodes=  330  return= -10.00  mean20=  -3.00  succ20= 0.0%  eps=0.908  key= 65% door= 15% right=  5% water=  0% lava=  0% goal=  0%
steps=  69132  episodes=  340  return=  -5.00  mean20=  -3.00  succ20= 0.0%  eps=0.906  key= 65% door= 15% right=  5% water=  0% lava=  0% goal=  0%
steps=  70742  episodes=  350  return=  -5.00  mean20=  -5.50  succ20= 0.0%  eps=0.904  key= 65% door=  5% right=  0% water=  0% lava=  0% goal=  0%
steps=  72352  episodes=  360  return=  -5.00  mean20=  -5.00  succ20= 0.0%  eps=0.902  key= 75% door=  5% right=  0% water=  0% lava=  0% goal=  0%
steps=  75562  episodes=  370  return=  -5.00  mean20=  -4.75  succ20= 0.0%  eps=0.897  key= 80% door=  5% right=  0% water=  0% lava=  0% goal=  0%
steps=  77172  episodes=  380  return= -10.00  mean20=  -6.75  succ20= 0.0%  eps=0.895  key= 65% door=  0% right=  0% water=  0% lava=  0% goal=  0%
steps=  78782  episodes=  390  return=  -5.00  mean20=  -7.00  succ20= 0.0%  eps=0.893  key= 60% door=  0% right=  0% water=  0% lava=  0% goal=  0%
steps=  80392  episodes=  400  return= -10.00  mean20=  -6.50  succ20= 0.0%  eps=0.891  key= 70% door=  0% right=  0% water=  0% lava=  0% goal=  0%
steps=  83602  episodes=  410  return=  -5.00  mean20=  -5.00  succ20= 0.0%  eps=0.887  key= 65% door= 10% right=  0% water=  0% lava=  0% goal=  0%
steps=  85212  episodes=  420  return=  -5.00  mean20=  -4.75  succ20= 0.0%  eps=0.884  key= 70% door= 10% right=  0% water=  0% lava=  0% goal=  0%
steps=  86822  episodes=  430  return=  -5.00  mean20=  -5.25  succ20= 0.0%  eps=0.882  key= 70% door=  5% right=  0% water=  0% lava=  0% goal=  0%
steps=  88432  episodes=  440  return=  -5.00  mean20=  -6.00  succ20= 0.0%  eps=0.880  key= 55% door=  5% right=  0% water=  0% lava=  0% goal=  0%
steps=  91642  episodes=  450  return=  -5.00  mean20=  -6.75  succ20= 0.0%  eps=0.876  key= 65% door=  0% right=  0% water=  0% lava=  0% goal=  0%
steps=  93252  episodes=  460  return=  -5.00  mean20=  -6.50  succ20= 0.0%  eps=0.873  key= 70% door=  0% right=  0% water=  0% lava=  0% goal=  0%
steps=  94862  episodes=  470  return=  -5.00  mean20=  -6.00  succ20= 0.0%  eps=0.871  key= 55% door=  5% right=  0% water=  0% lava=  0% goal=  0%
steps=  96472  episodes=  480  return=  -5.00  mean20=  -6.00  succ20= 0.0%  eps=0.869  key= 45% door= 10% right=  0% water=  0% lava=  0% goal=  0%
steps=  99682  episodes=  490  return=  -5.00  mean20=  -6.50  succ20= 0.0%  eps=0.865  key= 60% door=  5% right=  0% water=  0% lava=  0% goal=  0%
[video] /Users/dypaul/Personal/Masters/Reinforcmment Learning/Ex3/src/graphs/complex_dqn/20260718_211902/videos/rollout_100k.mp4  returns=[-10, -10, -5, -10, -10, -10]
steps= 101292  episodes=  500  return= -10.00  mean20=  -6.50  succ20= 0.0%  eps=0.863  key= 70% door=  0% right=  0% water=  0% lava=  0% goal=  0%
steps= 102902  episodes=  510  return=   5.00  mean20=  -6.00  succ20= 0.0%  eps=0.860  key= 70% door=  5% right=  0% water=  0% lava=  0% goal=  0%
steps= 104512  episodes=  520  return= -10.00  mean20=  -6.50  succ20= 0.0%  eps=0.858  key= 60% door=  5% right=  0% water=  0% lava=  0% goal=  0%
steps= 107722  episodes=  530  return=  -5.00  mean20=  -7.00  succ20= 0.0%  eps=0.854  key= 50% door=  5% right=  0% water=  0% lava=  0% goal=  0%
steps= 109332  episodes=  540  return=  -5.00  mean20=  -6.50  succ20= 0.0%  eps=0.852  key= 60% door=  5% right=  0% water=  0% lava=  0% goal=  0%
steps= 110942  episodes=  550  return=  -5.00  mean20=  -5.25  succ20= 0.0%  eps=0.849  key= 70% door=  5% right=  5% water=  0% lava=  0% goal=  0%
steps= 112552  episodes=  560  return=  -5.00  mean20=  -5.25  succ20= 0.0%  eps=0.847  key= 70% door=  5% right=  5% water=  0% lava=  0% goal=  0%
steps= 115762  episodes=  570  return= -10.00  mean20=  -4.75  succ20= 0.0%  eps=0.843  key= 55% door= 10% right=  0% water=  0% lava=  0% goal=  0%
steps= 117372  episodes=  580  return= -10.00  mean20=  -5.00  succ20= 0.0%  eps=0.841  key= 50% door= 10% right=  0% water=  0% lava=  0% goal=  0%
steps= 118982  episodes=  590  return= -10.00  mean20=  -7.00  succ20= 0.0%  eps=0.839  key= 60% door=  0% right=  0% water=  0% lava=  0% goal=  0%
steps= 120592  episodes=  600  return=  -5.00  mean20=  -3.50  succ20= 0.0%  eps=0.836  key= 80% door= 10% right= 10% water=  0% lava=  0% goal=  0%
steps= 123802  episodes=  610  return=  20.00  mean20=   0.50  succ20= 0.0%  eps=0.832  key= 75% door= 20% right= 15% water=  5% lava=  0% goal=  0%
steps= 125412  episodes=  620  return=  -5.00  mean20=  -1.50  succ20= 0.0%  eps=0.830  key= 60% door= 15% right=  5% water=  5% lava=  0% goal=  0%
steps= 127022  episodes=  630  return=  -5.00  mean20=  -2.00  succ20= 0.0%  eps=0.828  key= 55% door= 10% right=  5% water=  5% lava=  0% goal=  0%
steps= 128632  episodes=  640  return= -10.00  mean20=   0.25  succ20= 0.0%  eps=0.825  key= 65% door= 20% right=  5% water=  5% lava=  0% goal=  0%
steps= 131841  episodes=  650  return=  -5.00  mean20=  -0.25  succ20= 0.0%  eps=0.821  key= 85% door= 25% right=  5% water=  0% lava=  0% goal=  0%
steps= 133451  episodes=  660  return=  20.00  mean20=  -2.25  succ20= 0.0%  eps=0.819  key= 70% door= 20% right=  5% water=  0% lava=  0% goal=  0%
steps= 135062  episodes=  670  return=  -5.00  mean20=  -3.00  succ20= 0.0%  eps=0.817  key= 55% door= 20% right=  5% water=  0% lava=  0% goal=  0%
steps= 136672  episodes=  680  return=   5.00  mean20=  -3.00  succ20= 0.0%  eps=0.815  key= 55% door= 20% right=  5% water=  0% lava=  0% goal=  0%
steps= 139881  episodes=  690  return= -10.00  mean20=  -3.50  succ20= 0.0%  eps=0.810  key= 55% door= 15% right=  5% water=  0% lava=  0% goal=  0%
steps= 141491  episodes=  700  return= -10.00  mean20=  -3.50  succ20= 0.0%  eps=0.808  key= 65% door= 10% right=  5% water=  0% lava=  0% goal=  0%
steps= 143102  episodes=  710  return=   5.00  mean20=  -3.25  succ20= 0.0%  eps=0.806  key= 75% door= 15% right=  0% water=  0% lava=  0% goal=  0%
steps= 144712  episodes=  720  return=  -5.00  mean20=  -4.25  succ20= 0.0%  eps=0.804  key= 80% door= 10% right=  0% water=  0% lava=  0% goal=  0%
steps= 147921  episodes=  730  return=  -5.00  mean20=  -6.50  succ20= 0.0%  eps=0.799  key= 70% door=  0% right=  0% water=  0% lava=  0% goal=  0%
steps= 149531  episodes=  740  return=  -5.00  mean20=  -6.25  succ20= 0.0%  eps=0.797  key= 65% door=  5% right=  0% water=  0% lava=  0% goal=  0%
steps= 151142  episodes=  750  return=  -5.00  mean20=  -2.00  succ20= 0.0%  eps=0.795  key= 75% door= 20% right=  0% water=  0% lava=  0% goal=  0%
steps= 152752  episodes=  760  return=  -5.00  mean20=  -2.50  succ20= 0.0%  eps=0.793  key= 75% door= 15% right=  0% water=  0% lava=  0% goal=  0%
steps= 155715  episodes=  770  return=  28.55  mean20=  -0.07  succ20= 0.0%  eps=0.789  key= 75% door= 20% right= 10% water=  0% lava=  0% goal=  0%
steps= 157570  episodes=  780  return= -10.00  mean20=   1.68  succ20= 0.0%  eps=0.786  key= 85% door= 25% right= 10% water=  0% lava=  0% goal=  0%
steps= 159182  episodes=  790  return=  -5.00  mean20=  -4.75  succ20= 0.0%  eps=0.784  key= 80% door=  5% right=  0% water=  0% lava=  0% goal=  0%
steps= 160792  episodes=  800  return= -10.00  mean20=  -5.50  succ20= 0.0%  eps=0.782  key= 65% door=  5% right=  0% water=  0% lava=  0% goal=  0%
steps= 163755  episodes=  810  return= -10.00  mean20=  -4.00  succ20= 0.0%  eps=0.778  key= 55% door= 10% right=  5% water=  0% lava=  0% goal=  0%
steps= 165610  episodes=  820  return=  -5.00  mean20=  -2.50  succ20= 0.0%  eps=0.775  key= 60% door= 15% right= 10% water=  0% lava=  0% goal=  0%
steps= 167222  episodes=  830  return=  -5.00  mean20=  -3.25  succ20= 0.0%  eps=0.773  key= 85% door= 10% right=  5% water=  0% lava=  0% goal=  0%
steps= 168832  episodes=  840  return=  20.00  mean20=  -4.50  succ20= 0.0%  eps=0.771  key= 85% door=  5% right=  0% water=  0% lava=  0% goal=  0%
steps= 171795  episodes=  850  return= -10.00  mean20=  -2.75  succ20= 0.0%  eps=0.767  key= 70% door= 15% right=  0% water=  0% lava=  0% goal=  0%
steps= 173650  episodes=  860  return=  -5.00  mean20=  -4.50  succ20= 0.0%  eps=0.764  key= 60% door= 10% right=  0% water=  0% lava=  0% goal=  0%
steps= 175262  episodes=  870  return=  -5.00  mean20=  -7.50  succ20= 0.0%  eps=0.762  key= 50% door=  0% right=  0% water=  0% lava=  0% goal=  0%
steps= 176872  episodes=  880  return= -10.00  mean20=  -6.50  succ20= 0.0%  eps=0.760  key= 45% door=  5% right=  0% water=  0% lava=  0% goal=  0%
steps= 179835  episodes=  890  return=  -5.00  mean20=  -4.75  succ20= 0.0%  eps=0.756  key= 55% door= 10% right=  0% water=  0% lava=  0% goal=  0%
steps= 181690  episodes=  900  return= -10.00  mean20=  -3.00  succ20= 0.0%  eps=0.753  key= 65% door= 15% right=  0% water=  0% lava=  0% goal=  0%
steps= 183302  episodes=  910  return=  -5.00  mean20=   0.25  succ20= 0.0%  eps=0.751  key= 65% door= 30% right=  5% water=  5% lava=  0% goal=  0%
steps= 184912  episodes=  920  return= -10.00  mean20=   1.25  succ20= 0.0%  eps=0.749  key= 70% door= 30% right= 10% water=  5% lava=  0% goal=  0%
steps= 187875  episodes=  930  return=  -5.00  mean20=  -1.75  succ20= 0.0%  eps=0.745  key= 75% door= 15% right=  5% water=  0% lava=  0% goal=  0%
steps= 189730  episodes=  940  return=  -5.00  mean20=  -0.75  succ20= 0.0%  eps=0.743  key= 80% door= 15% right= 10% water=  0% lava=  0% goal=  0%
steps= 191342  episodes=  950  return=  -5.00  mean20=  -0.50  succ20= 0.0%  eps=0.740  key= 70% door= 15% right= 15% water=  0% lava=  0% goal=  0%
steps= 192952  episodes=  960  return=  -5.00  mean20=  -0.48  succ20= 0.0%  eps=0.738  key= 75% door= 15% right= 15% water=  0% lava=  0% goal=  0%
steps= 195634  episodes=  970  return=  -5.00  mean20=   1.12  succ20= 0.0%  eps=0.734  key= 90% door= 20% right= 15% water=  0% lava=  0% goal=  0%
steps= 197757  episodes=  980  return=  -5.00  mean20=  -3.14  succ20= 0.0%  eps=0.732  key= 80% door= 10% right=  5% water=  0% lava=  0% goal=  0%
steps= 199382  episodes=  990  return=  -5.00  mean20=  -3.25  succ20= 0.0%  eps=0.729  key= 55% door= 10% right= 10% water=  0% lava=  0% goal=  0%
[video] /Users/dypaul/Personal/Masters/Reinforcmment Learning/Ex3/src/graphs/complex_dqn/20260718_211902/videos/rollout_200k.mp4  returns=[-10, -10, -10, -10, -10, -10]
steps= 200992  episodes= 1000  return=  -5.00  mean20=   3.25  succ20= 0.0%  eps=0.727  key= 60% door= 20% right= 20% water=  5% lava=  5% goal=  0%
steps= 203674  episodes= 1010  return= -10.00  mean20=   3.25  succ20= 0.0%  eps=0.724  key= 75% door= 20% right= 15% water=  5% lava=  5% goal=  0%
steps= 205797  episodes= 1020  return=  -5.00  mean20=  -1.50  succ20= 0.0%  eps=0.721  key= 65% door= 15% right= 10% water=  0% lava=  0% goal=  0%
steps= 207422  episodes= 1030  return=  55.00  mean20=   0.00  succ20= 0.0%  eps=0.718  key= 75% door= 15% right= 10% water=  5% lava=  0% goal=  0%
steps= 209032  episodes= 1040  return=  20.00  mean20=   1.25  succ20= 0.0%  eps=0.716  key= 90% door= 20% right=  5% water=  5% lava=  0% goal=  0%
steps= 211714  episodes= 1050  return=  -5.00  mean20=  -1.25  succ20= 0.0%  eps=0.713  key= 75% door= 20% right=  0% water=  0% lava=  0% goal=  0%
steps= 213837  episodes= 1060  return=  -5.00  mean20=  -0.99  succ20= 0.0%  eps=0.710  key= 70% door= 20% right=  5% water=  0% lava=  0% goal=  0%
steps= 215462  episodes= 1070  return=  20.00  mean20=   0.51  succ20= 0.0%  eps=0.708  key= 75% door= 25% right=  5% water=  0% lava=  0% goal=  0%
steps= 217072  episodes= 1080  return= -10.00  mean20=   0.35  succ20= 0.0%  eps=0.705  key= 70% door= 25% right= 10% water=  0% lava=  0% goal=  0%
steps= 219497  episodes= 1090  return=  35.00  mean20=   1.85  succ20= 0.0%  eps=0.702  key= 85% door= 25% right= 15% water=  0% lava=  0% goal=  0%
steps= 221362  episodes= 1100  return=  -5.00  mean20=   1.50  succ20= 0.0%  eps=0.700  key= 75% door= 25% right= 10% water=  0% lava=  0% goal=  0%
steps= 223502  episodes= 1110  return=  -5.00  mean20=  -1.75  succ20= 0.0%  eps=0.697  key= 50% door= 20% right=  5% water=  0% lava=  0% goal=  0%
steps= 225112  episodes= 1120  return=  -5.00  mean20=  -3.25  succ20= 0.0%  eps=0.694  key= 60% door= 15% right=  0% water=  0% lava=  0% goal=  0%
steps= 227537  episodes= 1130  return=  -5.00  mean20=  -3.00  succ20= 0.0%  eps=0.691  key= 80% door= 15% right=  0% water=  0% lava=  0% goal=  0%
steps= 229402  episodes= 1140  return=  -5.00  mean20=  -0.25  succ20= 0.0%  eps=0.689  key= 85% door= 25% right=  0% water=  0% lava=  0% goal=  0%
steps= 231542  episodes= 1150  return=  -5.00  mean20=  -1.50  succ20= 0.0%  eps=0.686  key= 70% door= 20% right=  0% water=  0% lava=  0% goal=  0%
steps= 233152  episodes= 1160  return=   5.00  mean20=   0.25  succ20= 0.0%  eps=0.684  key= 80% door= 25% right=  5% water=  0% lava=  0% goal=  0%
steps= 235577  episodes= 1170  return=  -5.00  mean20=   2.00  succ20= 0.0%  eps=0.680  key= 90% door= 30% right=  5% water=  0% lava=  0% goal=  0%
steps= 237442  episodes= 1180  return= -10.00  mean20=  -0.75  succ20= 0.0%  eps=0.678  key= 70% door= 20% right=  5% water=  0% lava=  0% goal=  0%
steps= 239582  episodes= 1190  return= -10.00  mean20=  -2.75  succ20= 0.0%  eps=0.675  key= 55% door= 15% right=  5% water=  0% lava=  0% goal=  0%
steps= 241192  episodes= 1200  return=  -5.00  mean20=  -1.25  succ20= 0.0%  eps=0.673  key= 60% door= 20% right=  5% water=  0% lava=  0% goal=  0%
steps= 243617  episodes= 1210  return=  -5.00  mean20=   2.75  succ20= 0.0%  eps=0.669  key= 75% door= 30% right= 10% water=  0% lava=  0% goal=  0%
steps= 245482  episodes= 1220  return= -10.00  mean20=   3.25  succ20= 0.0%  eps=0.667  key= 75% door= 35% right= 15% water=  0% lava=  0% goal=  0%
steps= 247622  episodes= 1230  return= -10.00  mean20=  -0.25  succ20= 0.0%  eps=0.664  key= 70% door= 25% right= 10% water=  0% lava=  0% goal=  0%
steps= 249232  episodes= 1240  return=  -5.00  mean20=  -1.00  succ20= 0.0%  eps=0.662  key= 70% door= 15% right=  5% water=  5% lava=  0% goal=  0%
steps= 251474  episodes= 1250  return=  97.75  mean20=   5.89  succ20= 0.0%  eps=0.659  key= 80% door= 25% right= 15% water= 10% lava=  0% goal=  0%
steps= 253299  episodes= 1260  return=  -5.00  mean20=   6.39  succ20= 0.0%  eps=0.656  key= 75% door= 35% right= 15% water=  5% lava=  0% goal=  0%
steps= 255662  episodes= 1270  return=   5.00  mean20=   3.25  succ20= 0.0%  eps=0.653  key= 70% door= 35% right= 10% water=  5% lava=  0% goal=  0%
steps= 257272  episodes= 1280  return=  -5.00  mean20=   5.75  succ20= 0.0%  eps=0.651  key= 80% door= 40% right= 10% water=  5% lava=  0% goal=  0%
steps= 259514  episodes= 1290  return=  -5.00  mean20=   7.21  succ20= 0.0%  eps=0.648  key= 85% door= 50% right= 10% water=  0% lava=  0% goal=  0%
steps= 261339  episodes= 1300  return=  20.00  mean20=   5.33  succ20= 0.0%  eps=0.645  key= 85% door= 40% right= 10% water=  5% lava=  0% goal=  0%
steps= 263631  episodes= 1310  return=  20.00  mean20=   6.12  succ20= 0.0%  eps=0.642  key= 80% door= 40% right= 10% water=  5% lava=  0% goal=  0%
steps= 265312  episodes= 1320  return= -10.00  mean20=   5.25  succ20= 0.0%  eps=0.640  key= 75% door= 35% right= 10% water=  5% lava=  0% goal=  0%
steps= 267554  episodes= 1330  return=  35.00  mean20=   4.25  succ20= 0.0%  eps=0.637  key= 75% door= 25% right= 20% water=  5% lava=  0% goal=  0%
steps= 269379  episodes= 1340  return=  35.00  mean20=   7.75  succ20= 0.0%  eps=0.634  key= 80% door= 40% right= 25% water=  0% lava=  0% goal=  0%
steps= 271671  episodes= 1350  return=  -5.00  mean20=   7.50  succ20= 0.0%  eps=0.631  key= 85% door= 40% right= 15% water=  5% lava=  0% goal=  0%
steps= 273352  episodes= 1360  return=  -5.00  mean20=   6.75  succ20= 0.0%  eps=0.629  key= 95% door= 35% right= 15% water=  5% lava=  0% goal=  0%
steps= 275594  episodes= 1370  return=  55.00  mean20=   9.75  succ20= 0.0%  eps=0.626  key= 90% door= 45% right= 20% water=  5% lava=  0% goal=  0%
steps= 277419  episodes= 1380  return= -10.00  mean20=  12.00  succ20= 0.0%  eps=0.624  key= 80% door= 45% right= 25% water= 10% lava=  0% goal=  0%
steps= 279711  episodes= 1390  return=  20.00  mean20=  11.00  succ20= 0.0%  eps=0.620  key= 75% door= 45% right= 25% water= 10% lava=  0% goal=  0%
steps= 281392  episodes= 1400  return= -10.00  mean20=   7.50  succ20= 0.0%  eps=0.618  key= 75% door= 45% right= 15% water=  5% lava=  0% goal=  0%
steps= 283634  episodes= 1410  return=  -5.00  mean20=   4.50  succ20= 0.0%  eps=0.615  key= 85% door= 35% right= 15% water=  0% lava=  0% goal=  0%
steps= 285459  episodes= 1420  return=  -5.00  mean20=   6.25  succ20= 0.0%  eps=0.613  key= 90% door= 35% right= 25% water=  0% lava=  0% goal=  0%
steps= 287751  episodes= 1430  return= -10.00  mean20=   5.00  succ20= 0.0%  eps=0.609  key= 80% door= 35% right= 20% water=  0% lava=  0% goal=  0%
steps= 289432  episodes= 1440  return=  -5.00  mean20=  -1.25  succ20= 0.0%  eps=0.607  key= 75% door= 20% right=  5% water=  0% lava=  0% goal=  0%
steps= 291674  episodes= 1450  return=  20.00  mean20=   2.25  succ20= 0.0%  eps=0.604  key= 85% door= 25% right=  5% water=  5% lava=  0% goal=  0%
steps= 293499  episodes= 1460  return=  -5.00  mean20=   3.25  succ20= 0.0%  eps=0.602  key= 80% door= 30% right=  5% water=  5% lava=  0% goal=  0%
steps= 295791  episodes= 1470  return=  -5.00  mean20=   0.50  succ20= 0.0%  eps=0.599  key= 75% door= 20% right=  5% water=  5% lava=  0% goal=  0%
steps= 297472  episodes= 1480  return=  35.00  mean20=   9.50  succ20= 0.0%  eps=0.596  key= 90% door= 40% right= 25% water= 10% lava=  0% goal=  0%
steps= 299714  episodes= 1490  return=  -5.00  mean20=   8.75  succ20= 0.0%  eps=0.593  key= 95% door= 40% right= 25% water=  5% lava=  0% goal=  0%
[video] /Users/dypaul/Personal/Masters/Reinforcmment Learning/Ex3/src/graphs/complex_dqn/20260718_211902/videos/rollout_300k.mp4  returns=[-10, -10, -10, -10, -10, -10]
steps= 301322  episodes= 1500  return=  -5.00  mean20=   2.74  succ20= 0.0%  eps=0.591  key= 90% door= 25% right= 20% water=  0% lava=  0% goal=  0%
steps= 303753  episodes= 1510  return=  -5.00  mean20=   3.99  succ20= 0.0%  eps=0.588  key= 90% door= 30% right= 20% water=  0% lava=  0% goal=  0%
steps= 305493  episodes= 1520  return=  20.00  mean20=   4.00  succ20= 0.0%  eps=0.585  key= 80% door= 35% right= 10% water=  0% lava=  0% goal=  0%
steps= 307436  episodes= 1530  return=  -5.00  mean20=   2.25  succ20= 0.0%  eps=0.583  key= 70% door= 30% right= 10% water=  0% lava=  0% goal=  0%
steps= 309238  episodes= 1540  return=   5.00  mean20=  -1.00  succ20= 0.0%  eps=0.580  key= 70% door= 20% right= 10% water=  0% lava=  0% goal=  0%
steps= 311305  episodes= 1550  return=  -5.00  mean20=   4.63  succ20= 0.0%  eps=0.578  key= 75% door= 40% right= 20% water=  0% lava=  0% goal=  0%
steps= 313479  episodes= 1560  return=  -5.00  mean20=  13.85  succ20= 0.0%  eps=0.575  key= 90% door= 55% right= 35% water=  5% lava=  0% goal=  0%
steps= 315476  episodes= 1570  return=  20.00  mean20=   9.47  succ20= 0.0%  eps=0.572  key= 85% door= 40% right= 25% water=  5% lava=  0% goal=  0%
steps= 317278  episodes= 1580  return=  -5.00  mean20=   5.75  succ20= 0.0%  eps=0.569  key= 75% door= 35% right= 15% water=  5% lava=  0% goal=  0%
steps= 319073  episodes= 1590  return=  20.00  mean20=   8.50  succ20= 0.0%  eps=0.567  key= 80% door= 45% right= 20% water=  5% lava=  0% goal=  0%
steps= 321519  episodes= 1600  return= -10.00  mean20=   6.19  succ20= 0.0%  eps=0.564  key= 75% door= 45% right= 20% water=  0% lava=  0% goal=  0%
steps= 323299  episodes= 1610  return= -10.00  mean20=   2.44  succ20= 0.0%  eps=0.561  key= 80% door= 35% right= 10% water=  0% lava=  0% goal=  0%
steps= 325318  episodes= 1620  return=  -5.00  mean20=   4.75  succ20= 0.0%  eps=0.558  key= 85% door= 35% right= 15% water=  5% lava=  0% goal=  0%
steps= 327113  episodes= 1630  return=  20.00  mean20=   7.75  succ20= 0.0%  eps=0.556  key= 90% door= 40% right= 20% water=  5% lava=  0% goal=  0%
steps= 329559  episodes= 1640  return=  -5.00  mean20=  13.22  succ20= 0.0%  eps=0.553  key=100% door= 65% right= 20% water=  0% lava=  0% goal=  0%
steps= 331339  episodes= 1650  return= -10.00  mean20=  14.59  succ20= 0.0%  eps=0.550  key= 95% door= 70% right= 30% water=  0% lava=  0% goal=  0%
steps= 333164  episodes= 1660  return=  -5.00  mean20=   8.37  succ20= 0.0%  eps=0.548  key= 90% door= 45% right= 30% water=  0% lava=  0% goal=  0%
steps= 335089  episodes= 1670  return=  35.00  mean20=  12.50  succ20= 0.0%  eps=0.545  key= 85% door= 55% right= 40% water=  0% lava=  0% goal=  0%
steps= 337499  episodes= 1680  return=  28.70  mean20=   9.94  succ20= 0.0%  eps=0.542  key= 80% door= 50% right= 35% water=  0% lava=  0% goal=  0%
steps= 339280  episodes= 1690  return=  -5.00  mean20=   4.19  succ20= 0.0%  eps=0.540  key= 85% door= 35% right= 15% water=  0% lava=  0% goal=  0%
steps= 341204  episodes= 1700  return=  20.00  mean20=  14.50  succ20= 0.0%  eps=0.537  key= 95% door= 60% right= 25% water=  5% lava=  0% goal=  0%
steps= 343026  episodes= 1710  return=  20.00  mean20=  24.14  succ20= 0.0%  eps=0.534  key=100% door= 80% right= 50% water= 15% lava=  0% goal=  0%
steps= 345539  episodes= 1720  return=  35.00  mean20=  18.89  succ20= 0.0%  eps=0.531  key= 95% door= 70% right= 45% water= 10% lava=  0% goal=  0%
steps= 347320  episodes= 1730  return= -10.00  mean20=  12.25  succ20= 0.0%  eps=0.529  key= 85% door= 55% right= 25% water=  5% lava=  0% goal=  0%
steps= 349228  episodes= 1740  return=  -5.00  mean20=  18.25  succ20= 0.0%  eps=0.526  key= 85% door= 65% right= 35% water= 15% lava=  0% goal=  0%
steps= 350957  episodes= 1750  return=   5.00  mean20=  24.72  succ20= 0.0%  eps=0.524  key= 90% door= 80% right= 50% water= 20% lava=  0% goal=  0%
steps= 353579  episodes= 1760  return=  -5.00  mean20=  16.72  succ20= 0.0%  eps=0.520  key= 90% door= 65% right= 30% water= 10% lava=  0% goal=  0%
steps= 355287  episodes= 1770  return=  35.00  mean20=  11.22  succ20= 0.0%  eps=0.518  key= 95% door= 55% right= 25% water=  0% lava=  0% goal=  0%
steps= 357094  episodes= 1780  return=  20.00  mean20=  15.84  succ20= 0.0%  eps=0.515  key=100% door= 65% right= 40% water=  0% lava=  0% goal=  0%
steps= 358949  episodes= 1790  return=  35.00  mean20=  15.78  succ20= 0.0%  eps=0.513  key= 90% door= 60% right= 40% water=  5% lava=  0% goal=  0%
steps= 360963  episodes= 1800  return=  -5.00  mean20=  15.47  succ20= 0.0%  eps=0.510  key= 85% door= 55% right= 40% water= 10% lava=  0% goal=  0%
steps= 363182  episodes= 1810  return=  29.15  mean20=  18.01  succ20= 0.0%  eps=0.507  key= 95% door= 70% right= 40% water=  5% lava=  0% goal=  0%
steps= 365008  episodes= 1820  return=  35.00  mean20=  17.46  succ20= 0.0%  eps=0.505  key=100% door= 70% right= 40% water=  0% lava=  0% goal=  0%
steps= 366989  episodes= 1830  return=  35.00  mean20=  21.75  succ20= 0.0%  eps=0.502  key=100% door= 75% right= 45% water= 10% lava=  0% goal=  0%
steps= 369003  episodes= 1840  return=  55.00  mean20=  25.63  succ20= 0.0%  eps=0.499  key=100% door= 90% right= 40% water= 20% lava=  0% goal=  0%
steps= 371222  episodes= 1850  return= -10.00  mean20=  19.13  succ20= 0.0%  eps=0.496  key= 80% door= 75% right= 30% water= 15% lava=  0% goal=  0%
steps= 373048  episodes= 1860  return=  35.00  mean20=  18.00  succ20= 0.0%  eps=0.494  key= 70% door= 70% right= 40% water=  5% lava=  0% goal=  0%
steps= 375029  episodes= 1870  return=  -5.00  mean20=  25.00  succ20= 0.0%  eps=0.491  key= 90% door= 85% right= 55% water=  5% lava=  0% goal=  0%
steps= 377043  episodes= 1880  return=  20.00  mean20=  27.00  succ20= 0.0%  eps=0.488  key= 95% door= 85% right= 60% water= 10% lava=  0% goal=  0%
steps= 379262  episodes= 1890  return=  -5.00  mean20=  24.25  succ20= 0.0%  eps=0.485  key= 95% door= 75% right= 45% water= 15% lava=  0% goal=  0%
steps= 381088  episodes= 1900  return=  35.00  mean20=  24.50  succ20= 0.0%  eps=0.483  key= 95% door= 80% right= 45% water= 10% lava=  0% goal=  0%
steps= 382804  episodes= 1910  return=  35.00  mean20=  23.47  succ20= 0.0%  eps=0.480  key= 90% door= 80% right= 60% water=  0% lava=  0% goal=  0%
steps= 384738  episodes= 1920  return=  35.00  mean20=  27.47  succ20= 0.0%  eps=0.478  key= 95% door= 75% right= 65% water= 15% lava=  5% goal=  0%
steps= 387302  episodes= 1930  return=  20.00  mean20=  31.25  succ20= 0.0%  eps=0.474  key=100% door= 85% right= 65% water= 20% lava=  5% goal=  0%
steps= 389055  episodes= 1940  return=  -5.00  mean20=  25.64  succ20= 0.0%  eps=0.472  key=100% door= 85% right= 55% water= 10% lava=  0% goal=  0%
steps= 390736  episodes= 1950  return=  35.00  mean20=  22.64  succ20= 0.0%  eps=0.470  key= 95% door= 80% right= 45% water= 10% lava=  0% goal=  0%
steps= 392452  episodes= 1960  return=  35.00  mean20=  18.63  succ20= 0.0%  eps=0.467  key= 90% door= 75% right= 35% water=  5% lava=  0% goal=  0%
steps= 395074  episodes= 1970  return=  20.00  mean20=  18.88  succ20= 0.0%  eps=0.464  key= 90% door= 80% right= 35% water=  0% lava=  0% goal=  0%
steps= 396950  episodes= 1980  return=  35.00  mean20=  22.40  succ20= 0.0%  eps=0.461  key= 90% door= 85% right= 50% water=  5% lava=  0% goal=  0%
steps= 398703  episodes= 1990  return=  35.00  mean20=  19.90  succ20= 0.0%  eps=0.459  key= 90% door= 75% right= 55% water=  5% lava=  0% goal=  0%
[video] /Users/dypaul/Personal/Masters/Reinforcmment Learning/Ex3/src/graphs/complex_dqn/20260718_211902/videos/rollout_400k.mp4  returns=[-10, -10, -5, -5, -10, -10]
steps= 400484  episodes= 2000  return=  35.00  mean20=  20.75  succ20= 0.0%  eps=0.456  key= 90% door= 70% right= 55% water=  5% lava=  0% goal=  0%
steps= 403114  episodes= 2010  return=  35.00  mean20=  29.25  succ20= 0.0%  eps=0.453  key= 95% door= 80% right= 60% water= 25% lava=  0% goal=  0%
steps= 404990  episodes= 2020  return=  35.00  mean20=  27.00  succ20= 0.0%  eps=0.450  key= 95% door= 85% right= 50% water= 20% lava=  0% goal=  0%
steps= 406743  episodes= 2030  return=  55.00  mean20=  24.38  succ20= 0.0%  eps=0.448  key= 90% door= 85% right= 50% water= 10% lava=  0% goal=  0%
steps= 408424  episodes= 2040  return= -10.00  mean20=  23.38  succ20= 0.0%  eps=0.446  key= 85% door= 75% right= 55% water= 15% lava=  0% goal=  0%
steps= 411154  episodes= 2050  return=  20.00  mean20=  24.00  succ20= 0.0%  eps=0.442  key= 90% door= 75% right= 50% water= 20% lava=  0% goal=  0%
steps= 412931  episodes= 2060  return=  20.00  mean20=  29.94  succ20= 0.0%  eps=0.440  key=100% door= 95% right= 50% water= 20% lava=  0% goal=  0%
steps= 414737  episodes= 2070  return=  20.00  mean20=  28.44  succ20= 0.0%  eps=0.437  key=100% door=100% right= 55% water=  5% lava=  0% goal=  0%
steps= 416464  episodes= 2080  return=   5.00  mean20=  29.84  succ20= 0.0%  eps=0.435  key=100% door=100% right= 55% water= 15% lava=  0% goal=  0%
steps= 418611  episodes= 2090  return=  75.00  mean20=  29.32  succ20= 0.0%  eps=0.432  key= 95% door= 95% right= 45% water= 25% lava=  0% goal=  0%
steps= 420783  episodes= 2100  return=  20.00  mean20=  27.74  succ20= 0.0%  eps=0.429  key= 90% door= 90% right= 45% water= 15% lava=  0% goal=  0%
steps= 422452  episodes= 2110  return=  35.00  mean20=  22.00  succ20= 0.0%  eps=0.427  key= 90% door= 75% right= 45% water=  5% lava=  0% goal=  0%
steps= 424456  episodes= 2120  return=  27.30  mean20=  20.54  succ20= 0.0%  eps=0.424  key= 85% door= 70% right= 50% water= 10% lava=  0% goal=  0%
steps= 426651  episodes= 2130  return=  75.00  mean20=  23.79  succ20= 0.0%  eps=0.421  key= 90% door= 80% right= 45% water= 15% lava=  0% goal=  0%
steps= 428559  episodes= 2140  return=  27.15  mean20=  24.11  succ20= 0.0%  eps=0.418  key= 95% door= 85% right= 40% water= 10% lava=  0% goal=  0%
steps= 430492  episodes= 2150  return=  35.00  mean20=  25.86  succ20= 0.0%  eps=0.416  key= 95% door= 90% right= 45% water= 10% lava=  0% goal=  0%
steps= 432496  episodes= 2160  return=  20.00  mean20=  29.00  succ20= 0.0%  eps=0.413  key=100% door= 95% right= 40% water= 15% lava=  5% goal=  0%
steps= 434691  episodes= 2170  return=  20.00  mean20=  29.00  succ20= 0.0%  eps=0.410  key= 95% door= 90% right= 50% water= 15% lava=  5% goal=  0%
steps= 436446  episodes= 2180  return= -10.00  mean20=  27.88  succ20= 0.0%  eps=0.408  key= 90% door= 80% right= 60% water= 20% lava=  0% goal=  0%
steps= 438532  episodes= 2190  return=  20.00  mean20=  24.13  succ20= 0.0%  eps=0.405  key= 90% door= 75% right= 55% water= 15% lava=  0% goal=  0%
steps= 440536  episodes= 2200  return=  -5.00  mean20=  24.50  succ20= 0.0%  eps=0.402  key= 90% door= 75% right= 60% water= 15% lava=  0% goal=  0%
steps= 442565  episodes= 2210  return=  -5.00  mean20=  25.58  succ20= 0.0%  eps=0.399  key= 85% door= 75% right= 70% water= 15% lava=  0% goal=  0%
steps= 444402  episodes= 2220  return=  20.00  mean20=  30.58  succ20= 0.0%  eps=0.397  key= 90% door= 85% right= 65% water= 25% lava=  0% goal=  0%
steps= 446572  episodes= 2230  return=  35.00  mean20=  34.50  succ20= 0.0%  eps=0.394  key=100% door=100% right= 55% water= 30% lava=  0% goal=  0%
steps= 448576  episodes= 2240  return=  -5.00  mean20=  28.25  succ20= 0.0%  eps=0.391  key=100% door= 95% right= 55% water= 10% lava=  0% goal=  0%
steps= 450605  episodes= 2250  return=  35.00  mean20=  37.00  succ20= 0.0%  eps=0.388  key=100% door= 95% right= 75% water= 25% lava=  0% goal=  0%
steps= 452442  episodes= 2260  return=  35.00  mean20=  38.50  succ20= 0.0%  eps=0.386  key=100% door=100% right= 75% water= 30% lava=  0% goal=  0%
steps= 454184  episodes= 2270  return=  35.00  mean20=  29.36  succ20= 0.0%  eps=0.384  key=100% door= 95% right= 55% water= 20% lava=  0% goal=  0%
steps= 456220  episodes= 2280  return=  55.00  mean20=  31.43  succ20= 0.0%  eps=0.381  key= 95% door= 90% right= 60% water= 25% lava=  0% goal=  0%
steps= 458645  episodes= 2290  return=  40.00  mean20=  34.57  succ20= 0.0%  eps=0.378  key= 95% door= 95% right= 60% water= 30% lava=  0% goal=  0%
steps= 460482  episodes= 2300  return= -10.00  mean20=  28.50  succ20= 0.0%  eps=0.375  key= 90% door= 90% right= 50% water= 20% lava=  0% goal=  0%
steps= 462174  episodes= 2310  return=  35.00  mean20=  31.54  succ20= 0.0%  eps=0.373  key= 90% door= 90% right= 70% water= 25% lava=  0% goal=  0%
steps= 464095  episodes= 2320  return=  35.00  mean20=  38.04  succ20= 0.0%  eps=0.370  key=100% door=100% right= 85% water= 30% lava=  0% goal=  0%
steps= 466685  episodes= 2330  return=  20.00  mean20=  33.00  succ20= 0.0%  eps=0.367  key=100% door=100% right= 70% water= 15% lava=  0% goal=  0%
steps= 468459  episodes= 2340  return=  75.00  mean20=  32.38  succ20= 0.0%  eps=0.364  key=100% door= 95% right= 70% water= 15% lava=  0% goal=  0%
steps= 470067  episodes= 2350  return=  20.00  mean20=  34.58  succ20= 0.0%  eps=0.362  key=100% door= 95% right= 75% water= 25% lava=  0% goal=  0%
steps= 471822  episodes= 2360  return=  55.00  mean20=  35.21  succ20= 0.0%  eps=0.360  key=100% door=100% right= 70% water= 30% lava=  0% goal=  0%
steps= 474233  episodes= 2370  return=  35.00  mean20=  36.25  succ20= 0.0%  eps=0.356  key=100% door= 95% right= 75% water= 20% lava=  5% goal=  0%
steps= 476333  episodes= 2380  return=  35.00  mean20=  33.50  succ20= 0.0%  eps=0.354  key=100% door= 95% right= 75% water= 10% lava=  5% goal=  0%
steps= 478095  episodes= 2390  return=  55.00  mean20=  34.97  succ20= 0.0%  eps=0.351  key=100% door=100% right= 80% water= 20% lava=  0% goal=  0%
steps= 479862  episodes= 2400  return=  55.00  mean20=  35.97  succ20= 0.0%  eps=0.349  key= 95% door= 95% right= 85% water= 25% lava=  0% goal=  0%
steps= 482273  episodes= 2410  return=  35.00  mean20=  34.50  succ20= 0.0%  eps=0.345  key= 95% door= 95% right= 80% water= 20% lava=  0% goal=  0%
steps= 484258  episodes= 2420  return=  35.00  mean20=  37.00  succ20= 0.0%  eps=0.343  key=100% door=100% right= 80% water= 25% lava=  0% goal=  0%
steps= 486135  episodes= 2430  return=  55.00  mean20=  37.00  succ20= 0.0%  eps=0.340  key= 95% door= 95% right= 75% water= 35% lava=  0% goal=  0%
steps= 487902  episodes= 2440  return=  20.00  mean20=  36.25  succ20= 0.0%  eps=0.338  key= 95% door= 95% right= 75% water= 35% lava=  0% goal=  0%
steps= 490313  episodes= 2450  return=  35.00  mean20=  42.52  succ20= 0.0%  eps=0.335  key=100% door=100% right= 85% water= 45% lava=  0% goal=  0%
steps= 492298  episodes= 2460  return=  40.00  mean20=  39.77  succ20= 0.0%  eps=0.332  key=100% door=100% right= 75% water= 35% lava=  0% goal=  0%
steps= 494021  episodes= 2470  return=  35.00  mean20=  33.25  succ20= 0.0%  eps=0.330  key= 95% door= 95% right= 70% water= 25% lava=  0% goal=  0%
steps= 495904  episodes= 2480  return=  35.00  mean20=  31.25  succ20= 0.0%  eps=0.327  key= 95% door= 85% right= 60% water= 35% lava=  0% goal=  0%
steps= 498353  episodes= 2490  return=  35.00  mean20=  28.00  succ20= 0.0%  eps=0.324  key=100% door= 85% right= 45% water= 25% lava=  0% goal=  0%
[video] /Users/dypaul/Personal/Masters/Reinforcmment Learning/Ex3/src/graphs/complex_dqn/20260718_211902/videos/rollout_500k.mp4  returns=[-10, -10, 55, 55, -10, 20]
steps= 500338  episodes= 2500  return=  35.00  mean20=  26.50  succ20= 0.0%  eps=0.321  key=100% door= 85% right= 55% water= 10% lava=  0% goal=  0%
steps= 502061  episodes= 2510  return=  35.00  mean20=  26.68  succ20= 0.0%  eps=0.319  key=100% door= 85% right= 65% water=  5% lava=  0% goal=  0%
steps= 503944  episodes= 2520  return=  55.00  mean20=  34.79  succ20= 0.0%  eps=0.316  key=100% door= 90% right= 80% water= 25% lava=  0% goal=  0%
steps= 506393  episodes= 2530  return=  20.00  mean20=  39.11  succ20= 0.0%  eps=0.313  key=100% door= 95% right= 85% water= 35% lava=  0% goal=  0%
steps= 508300  episodes= 2540  return=  35.00  mean20=  38.25  succ20= 0.0%  eps=0.310  key=100% door=100% right= 80% water= 25% lava=  0% goal=  0%
steps= 510101  episodes= 2550  return=  35.00  mean20=  38.66  succ20= 0.0%  eps=0.308  key=100% door= 95% right= 85% water= 25% lava=  5% goal=  0%
steps= 511863  episodes= 2560  return=  35.00  mean20=  37.66  succ20= 0.0%  eps=0.305  key=100% door= 95% right= 80% water= 30% lava=  5% goal=  0%
steps= 514041  episodes= 2570  return=  57.45  mean20=  39.87  succ20= 0.0%  eps=0.302  key=100% door=100% right= 85% water= 30% lava=  0% goal=  0%
steps= 516013  episodes= 2580  return=  20.00  mean20=  37.23  succ20= 0.0%  eps=0.300  key=100% door=100% right= 95% water= 15% lava=  0% goal=  0%
steps= 517851  episodes= 2590  return=  -5.00  mean20=  28.60  succ20= 0.0%  eps=0.297  key=100% door= 90% right= 75% water=  5% lava=  0% goal=  0%
steps= 519634  episodes= 2600  return=  40.00  mean20=  31.75  succ20= 0.0%  eps=0.295  key=100% door= 90% right= 75% water= 15% lava=  0% goal=  0%
steps= 521454  episodes= 2610  return=   5.00  mean20=  32.88  succ20= 0.0%  eps=0.292  key=100% door= 95% right= 75% water= 30% lava=  0% goal=  0%
steps= 523823  episodes= 2620  return=  35.00  mean20=  28.24  succ20= 0.0%  eps=0.289  key= 95% door= 90% right= 60% water= 30% lava=  0% goal=  0%
steps= 525187  episodes= 2630  return=  20.90  mean20=  27.33  succ20= 0.0%  eps=0.287  key= 90% door= 90% right= 70% water= 10% lava=  0% goal=  0%
steps= 527369  episodes= 2640  return=  55.00  mean20=  34.97  succ20= 0.0%  eps=0.284  key= 95% door= 95% right= 85% water= 20% lava=  0% goal=  0%
steps= 529204  episodes= 2650  return=  55.00  mean20=  42.75  succ20= 0.0%  eps=0.282  key=100% door=100% right= 85% water= 40% lava=  0% goal=  0%
steps= 531102  episodes= 2660  return=  35.00  mean20=  40.75  succ20= 0.0%  eps=0.279  key=100% door=100% right= 85% water= 30% lava=  0% goal=  0%
steps= 533089  episodes= 2670  return=  31.45  mean20=  39.07  succ20= 0.0%  eps=0.277  key= 95% door= 95% right= 90% water= 20% lava=  5% goal=  0%
steps= 535208  episodes= 2680  return=  55.00  mean20=  37.23  succ20= 0.0%  eps=0.274  key= 95% door= 95% right= 80% water= 25% lava=  5% goal=  0%
steps= 537060  episodes= 2690  return=  35.00  mean20=  42.36  succ20= 0.0%  eps=0.271  key=100% door=100% right= 85% water= 45% lava=  0% goal=  0%
steps= 538930  episodes= 2700  return=  35.00  mean20=  45.46  succ20= 0.0%  eps=0.269  key=100% door=100% right= 90% water= 50% lava=  0% goal=  0%
steps= 540651  episodes= 2710  return=  35.00  mean20=  38.04  succ20= 0.0%  eps=0.266  key=100% door= 95% right= 80% water= 30% lava=  0% goal=  0%
steps= 542525  episodes= 2720  return=  20.00  mean20=  36.24  succ20= 0.0%  eps=0.264  key=100% door= 95% right= 75% water= 25% lava=  5% goal=  0%
steps= 544591  episodes= 2730  return=  76.45  mean20=  46.73  succ20= 0.0%  eps=0.261  key=100% door=100% right= 80% water= 45% lava= 15% goal=  0%
steps= 546464  episodes= 2740  return=  35.00  mean20=  47.27  succ20= 0.0%  eps=0.258  key=100% door= 95% right= 90% water= 50% lava= 10% goal=  0%
steps= 548578  episodes= 2750  return=  55.00  mean20=  45.25  succ20= 0.0%  eps=0.256  key=100% door= 95% right= 95% water= 55% lava=  0% goal=  0%
steps= 550565  episodes= 2760  return=  20.00  mean20=  43.00  succ20= 0.0%  eps=0.253  key= 95% door= 95% right= 90% water= 45% lava=  0% goal=  0%
steps= 552631  episodes= 2770  return=  35.00  mean20=  38.25  succ20= 0.0%  eps=0.250  key= 95% door= 95% right= 85% water= 25% lava=  0% goal=  0%
steps= 554504  episodes= 2780  return=  40.00  mean20=  40.50  succ20= 0.0%  eps=0.247  key=100% door= 95% right= 85% water= 35% lava=  0% goal=  0%
steps= 556618  episodes= 2790  return=  35.00  mean20=  41.25  succ20= 0.0%  eps=0.245  key=100% door= 95% right= 90% water= 40% lava=  0% goal=  0%
steps= 558605  episodes= 2800  return=  35.00  mean20=  42.50  succ20= 0.0%  eps=0.242  key=100% door=100% right= 95% water= 40% lava=  0% goal=  0%
steps= 560671  episodes= 2810  return=  55.00  mean20=  43.00  succ20= 0.0%  eps=0.239  key=100% door=100% right= 90% water= 40% lava=  5% goal=  0%
steps= 562544  episodes= 2820  return=  20.00  mean20=  41.00  succ20= 0.0%  eps=0.237  key=100% door=100% right= 90% water= 35% lava=  5% goal=  0%
steps= 564658  episodes= 2830  return=  35.00  mean20=  35.75  succ20= 0.0%  eps=0.234  key= 95% door= 95% right= 80% water= 30% lava=  0% goal=  0%
steps= 566581  episodes= 2840  return=  27.40  mean20=  37.37  succ20= 0.0%  eps=0.231  key= 95% door= 95% right= 80% water= 35% lava=  0% goal=  0%
steps= 568711  episodes= 2850  return=  35.00  mean20=  41.37  succ20= 0.0%  eps=0.228  key=100% door=100% right= 95% water= 40% lava=  0% goal=  0%
steps= 570584  episodes= 2860  return=  35.00  mean20=  41.25  succ20= 0.0%  eps=0.226  key= 95% door= 95% right= 90% water= 40% lava=  0% goal=  0%
steps= 572698  episodes= 2870  return=  75.00  mean20=  38.25  succ20= 0.0%  eps=0.223  key= 95% door= 90% right= 80% water= 30% lava=  0% goal=  0%
steps= 574621  episodes= 2880  return=  35.00  mean20=  40.00  succ20= 0.0%  eps=0.220  key=100% door= 95% right= 80% water= 35% lava=  0% goal=  0%
steps= 576751  episodes= 2890  return=  35.00  mean20=  40.00  succ20= 0.0%  eps=0.217  key=100% door= 95% right= 80% water= 40% lava=  0% goal=  0%
steps= 578624  episodes= 2900  return=  55.00  mean20=  42.33  succ20= 0.0%  eps=0.215  key=100% door= 95% right= 85% water= 45% lava=  0% goal=  0%
steps= 580738  episodes= 2910  return=  35.00  mean20=  43.08  succ20= 0.0%  eps=0.212  key=100% door=100% right= 95% water= 35% lava=  0% goal=  0%
steps= 582459  episodes= 2920  return=  35.00  mean20=  39.50  succ20= 0.0%  eps=0.210  key=100% door=100% right= 90% water= 20% lava=  0% goal=  0%
steps= 584393  episodes= 2930  return=  35.00  mean20=  41.50  succ20= 0.0%  eps=0.207  key=100% door=100% right= 90% water= 30% lava=  0% goal=  0%
steps= 586664  episodes= 2940  return=  35.00  mean20=  42.36  succ20= 0.0%  eps=0.204  key=100% door=100% right= 95% water= 35% lava=  0% goal=  0%
steps= 588766  episodes= 2950  return=  35.00  mean20=  42.70  succ20= 0.0%  eps=0.201  key=100% door=100% right= 85% water= 40% lava=  0% goal=  0%
steps= 590495  episodes= 2960  return=  55.00  mean20=  38.09  succ20= 0.0%  eps=0.199  key=100% door=100% right= 80% water= 30% lava=  0% goal=  0%
steps= 592433  episodes= 2970  return=  40.00  mean20=  36.75  succ20= 0.0%  eps=0.196  key= 95% door= 95% right= 85% water= 25% lava=  0% goal=  0%
steps= 594704  episodes= 2980  return=  20.00  mean20=  44.25  succ20= 0.0%  eps=0.193  key= 95% door= 95% right= 95% water= 50% lava=  0% goal=  0%
steps= 596806  episodes= 2990  return=  55.00  mean20=  48.50  succ20= 0.0%  eps=0.190  key=100% door=100% right= 95% water= 65% lava=  0% goal=  0%
steps= 598535  episodes= 3000  return=  55.00  mean20=  43.25  succ20= 0.0%  eps=0.188  key=100% door=100% right= 95% water= 40% lava=  0% goal=  0%
[video] /Users/dypaul/Personal/Masters/Reinforcmment Learning/Ex3/src/graphs/complex_dqn/20260718_211902/videos/rollout_600k.mp4  returns=[20, 35, -10, 20, -5, -10]
steps= 600473  episodes= 3010  return=  20.00  mean20=  35.58  succ20= 0.0%  eps=0.185  key=100% door= 95% right= 90% water= 25% lava=  0% goal=  0%
steps= 602300  episodes= 3020  return=  35.00  mean20=  35.98  succ20= 0.0%  eps=0.183  key=100% door= 95% right= 90% water= 25% lava=  0% goal=  0%
steps= 604413  episodes= 3030  return=  35.00  mean20=  36.15  succ20= 0.0%  eps=0.180  key=100% door=100% right= 85% water= 15% lava=  0% goal=  0%
steps= 606275  episodes= 3040  return=  55.00  mean20=  34.25  succ20= 0.0%  eps=0.177  key=100% door=100% right= 75% water= 15% lava=  0% goal=  0%
steps= 608511  episodes= 3050  return=  20.00  mean20=  39.25  succ20= 0.0%  eps=0.174  key=100% door=100% right= 80% water= 30% lava=  5% goal=  0%
steps= 610340  episodes= 3060  return=  35.00  mean20=  38.00  succ20= 0.0%  eps=0.172  key=100% door= 95% right= 80% water= 25% lava=  5% goal=  0%
steps= 612453  episodes= 3070  return=  55.00  mean20=  35.75  succ20= 0.0%  eps=0.169  key=100% door= 90% right= 80% water= 25% lava=  0% goal=  0%
steps= 614315  episodes= 3080  return=  35.00  mean20=  42.75  succ20= 0.0%  eps=0.166  key=100% door= 95% right= 90% water= 40% lava=  5% goal=  0%
steps= 616551  episodes= 3090  return=  80.00  mean20=  47.50  succ20= 0.0%  eps=0.163  key=100% door=100% right=100% water= 40% lava= 10% goal=  0%
steps= 618346  episodes= 3100  return=  80.00  mean20=  57.93  succ20= 5.0%  eps=0.161  key=100% door=100% right=100% water= 55% lava= 15% goal=  5%
steps= 619988  episodes= 3110  return=  35.00  mean20=  53.02  succ20= 5.0%  eps=0.159  key=100% door=100% right=100% water= 50% lava= 10% goal=  5%
steps= 622355  episodes= 3120  return=   5.00  mean20=  38.85  succ20= 0.0%  eps=0.155  key=100% door=100% right= 95% water= 30% lava=  0% goal=  0%
steps= 624533  episodes= 3130  return=  55.00  mean20=  40.75  succ20= 0.0%  eps=0.152  key=100% door=100% right= 95% water= 30% lava=  0% goal=  0%
steps= 626201  episodes= 3140  return=  55.00  mean20=  38.75  succ20= 0.0%  eps=0.150  key=100% door= 95% right= 85% water= 35% lava=  0% goal=  0%
steps= 628028  episodes= 3150  return=  35.00  mean20=  40.00  succ20= 0.0%  eps=0.148  key=100% door= 95% right= 80% water= 50% lava=  0% goal=  0%
steps= 630395  episodes= 3160  return=  55.00  mean20=  38.75  succ20= 0.0%  eps=0.144  key= 95% door= 95% right= 85% water= 40% lava=  0% goal=  0%
steps= 632573  episodes= 3170  return=  55.00  mean20=  37.25  succ20= 0.0%  eps=0.142  key= 90% door= 90% right= 85% water= 40% lava=  0% goal=  0%
steps= 634241  episodes= 3180  return=  35.00  mean20=  42.50  succ20= 0.0%  eps=0.139  key= 95% door= 95% right= 90% water= 55% lava=  0% goal=  0%
steps= 636068  episodes= 3190  return=  35.00  mean20=  45.25  succ20= 0.0%  eps=0.137  key=100% door=100% right= 90% water= 45% lava=  5% goal=  0%
steps= 638435  episodes= 3200  return=  35.00  mean20=  46.50  succ20= 0.0%  eps=0.134  key=100% door=100% right= 90% water= 40% lava= 10% goal=  0%
steps= 640613  episodes= 3210  return=  55.00  mean20=  43.75  succ20= 0.0%  eps=0.131  key=100% door= 95% right= 90% water= 45% lava=  5% goal=  0%
steps= 642281  episodes= 3220  return=  35.00  mean20=  42.00  succ20= 0.0%  eps=0.128  key=100% door= 95% right= 95% water= 45% lava=  0% goal=  0%
steps= 644108  episodes= 3230  return=  55.00  mean20=  40.88  succ20= 0.0%  eps=0.126  key=100% door=100% right=100% water= 35% lava=  0% goal=  0%
steps= 646371  episodes= 3240  return=  35.00  mean20=  46.88  succ20= 0.0%  eps=0.123  key=100% door=100% right=100% water= 55% lava=  0% goal=  0%
steps= 648653  episodes= 3250  return=  -5.00  mean20=  50.50  succ20= 0.0%  eps=0.120  key=100% door= 95% right= 95% water= 75% lava=  0% goal=  0%
steps= 650321  episodes= 3260  return=  -5.00  mean20=  47.50  succ20= 0.0%  eps=0.117  key=100% door= 90% right= 90% water= 70% lava=  0% goal=  0%
steps= 652148  episodes= 3270  return=  35.00  mean20=  47.50  succ20= 0.0%  eps=0.115  key=100% door= 95% right= 90% water= 60% lava=  0% goal=  0%
steps= 654200  episodes= 3280  return=  75.00  mean20=  43.55  succ20= 0.0%  eps=0.112  key=100% door=100% right= 90% water= 40% lava=  0% goal=  0%
steps= 656127  episodes= 3290  return=  35.00  mean20=  42.55  succ20= 0.0%  eps=0.110  key=100% door=100% right= 95% water= 35% lava=  0% goal=  0%
steps= 658361  episodes= 3300  return=  55.00  mean20=  41.72  succ20= 0.0%  eps=0.107  key=100% door=100% right=100% water= 35% lava=  0% goal=  0%
steps= 660154  episodes= 3310  return=  20.00  mean20=  47.35  succ20= 5.0%  eps=0.104  key=100% door=100% right= 95% water= 30% lava=  5% goal=  5%
steps= 661949  episodes= 3320  return=  -5.00  mean20=  41.13  succ20= 5.0%  eps=0.102  key= 95% door= 90% right= 80% water= 20% lava=  5% goal=  5%
steps= 664059  episodes= 3330  return=  35.00  mean20=  35.25  succ20= 0.0%  eps=0.099  key= 95% door= 90% right= 85% water= 30% lava=  0% goal=  0%
steps= 665856  episodes= 3340  return=  55.00  mean20=  39.50  succ20= 0.0%  eps=0.096  key=100% door= 90% right= 85% water= 45% lava=  0% goal=  0%
steps= 668194  episodes= 3350  return=  75.00  mean20=  36.00  succ20= 0.0%  eps=0.093  key=100% door= 90% right= 80% water= 30% lava=  0% goal=  0%
steps= 669909  episodes= 3360  return=  20.00  mean20=  33.38  succ20= 0.0%  eps=0.091  key= 90% door= 90% right= 85% water= 30% lava=  0% goal=  0%
steps= 672099  episodes= 3370  return=  35.00  mean20=  35.88  succ20= 0.0%  eps=0.088  key= 90% door= 90% right= 90% water= 35% lava=  0% goal=  0%
steps= 673698  episodes= 3380  return=  77.80  mean20=  44.02  succ20= 0.0%  eps=0.086  key=100% door=100% right= 95% water= 35% lava= 10% goal=  0%
steps= 675687  episodes= 3390  return=  35.00  mean20=  36.02  succ20= 0.0%  eps=0.083  key= 95% door= 90% right= 85% water= 25% lava= 10% goal=  0%
steps= 677876  episodes= 3400  return=  35.00  mean20=  37.00  succ20= 0.0%  eps=0.080  key= 95% door= 90% right= 80% water= 35% lava=  5% goal=  0%
steps= 679557  episodes= 3410  return=  55.00  mean20=  45.00  succ20= 0.0%  eps=0.078  key=100% door=100% right= 85% water= 45% lava=  5% goal=  0%
steps= 681738  episodes= 3420  return=  55.00  mean20=  47.25  succ20= 0.0%  eps=0.075  key=100% door=100% right= 85% water= 45% lava= 10% goal=  0%
steps= 683727  episodes= 3430  return=  35.00  mean20=  49.25  succ20= 0.0%  eps=0.072  key=100% door= 95% right= 85% water= 55% lava= 15% goal=  0%
steps= 685916  episodes= 3440  return=  55.00  mean20=  49.00  succ20= 0.0%  eps=0.069  key=100% door= 95% right= 85% water= 60% lava= 10% goal=  0%
steps= 687597  episodes= 3450  return=  55.00  mean20=  51.75  succ20= 0.0%  eps=0.067  key=100% door=100% right= 90% water= 70% lava=  5% goal=  0%
steps= 689778  episodes= 3460  return=  40.00  mean20=  42.50  succ20= 0.0%  eps=0.064  key= 95% door= 90% right= 80% water= 55% lava=  5% goal=  0%
steps= 691767  episodes= 3470  return=  55.00  mean20=  35.75  succ20= 0.0%  eps=0.061  key= 95% door= 85% right= 75% water= 40% lava=  5% goal=  0%
steps= 693956  episodes= 3480  return=  55.00  mean20=  39.00  succ20= 0.0%  eps=0.058  key= 95% door= 90% right= 90% water= 45% lava=  0% goal=  0%
steps= 695637  episodes= 3490  return=  35.00  mean20=  41.00  succ20= 0.0%  eps=0.056  key= 95% door= 95% right= 90% water= 40% lava=  0% goal=  0%
steps= 697818  episodes= 3500  return=  55.00  mean20=  36.50  succ20= 0.0%  eps=0.053  key=100% door=100% right= 90% water= 25% lava=  0% goal=  0%
steps= 699807  episodes= 3510  return=  55.00  mean20=  34.25  succ20= 0.0%  eps=0.050  key=100% door= 95% right= 90% water= 25% lava=  0% goal=  0%
[video] /Users/dypaul/Personal/Masters/Reinforcmment Learning/Ex3/src/graphs/complex_dqn/20260718_211902/videos/rollout_700k.mp4  returns=[-10, 20, 20, 20, 35, -5]
steps= 701996  episodes= 3520  return=  35.00  mean20=  40.00  succ20= 0.0%  eps=0.050  key=100% door= 95% right= 95% water= 35% lava=  0% goal=  0%
steps= 703677  episodes= 3530  return=  55.00  mean20=  43.25  succ20= 0.0%  eps=0.050  key=100% door=100% right= 95% water= 45% lava=  0% goal=  0%
steps= 705858  episodes= 3540  return=  35.00  mean20=  47.25  succ20= 0.0%  eps=0.050  key=100% door=100% right= 95% water= 55% lava=  0% goal=  0%
steps= 707847  episodes= 3550  return=  35.00  mean20=  45.50  succ20= 0.0%  eps=0.050  key=100% door=100% right= 95% water= 45% lava=  0% goal=  0%
steps= 710036  episodes= 3560  return=  35.00  mean20=  40.75  succ20= 0.0%  eps=0.050  key=100% door=100% right= 90% water= 35% lava=  0% goal=  0%
steps= 711717  episodes= 3570  return=   5.00  mean20=  36.75  succ20= 0.0%  eps=0.050  key=100% door= 95% right= 85% water= 30% lava=  0% goal=  0%
steps= 713898  episodes= 3580  return=  35.00  mean20=  36.75  succ20= 0.0%  eps=0.050  key=100% door= 95% right= 90% water= 20% lava=  5% goal=  0%
steps= 715887  episodes= 3590  return=  75.00  mean20=  46.01  succ20= 0.0%  eps=0.050  key=100% door=100% right=100% water= 35% lava=  5% goal=  0%
steps= 717857  episodes= 3600  return=  35.00  mean20=  44.26  succ20= 0.0%  eps=0.050  key=100% door=100% right= 95% water= 35% lava=  0% goal=  0%
steps= 719712  episodes= 3610  return=  35.00  mean20=  41.00  succ20= 0.0%  eps=0.050  key=100% door=100% right= 90% water= 35% lava=  0% goal=  0%
steps= 721938  episodes= 3620  return=  35.00  mean20=  45.75  succ20= 0.0%  eps=0.050  key=100% door= 95% right= 85% water= 50% lava=  0% goal=  0%
steps= 723927  episodes= 3630  return=  35.00  mean20=  43.50  succ20= 0.0%  eps=0.050  key=100% door= 95% right= 85% water= 40% lava=  0% goal=  0%
steps= 725897  episodes= 3640  return=  20.00  mean20=  37.00  succ20= 0.0%  eps=0.050  key=100% door=100% right= 90% water= 20% lava=  0% goal=  0%
steps= 727752  episodes= 3650  return=  55.00  mean20=  37.25  succ20= 0.0%  eps=0.050  key=100% door=100% right= 90% water= 25% lava=  0% goal=  0%
steps= 729978  episodes= 3660  return=  35.00  mean20=  38.75  succ20= 0.0%  eps=0.050  key= 95% door= 95% right= 80% water= 40% lava=  0% goal=  0%
steps= 731967  episodes= 3670  return=  35.00  mean20=  33.25  succ20= 0.0%  eps=0.050  key= 90% door= 85% right= 75% water= 30% lava=  0% goal=  0%
steps= 733937  episodes= 3680  return=  35.00  mean20=  27.50  succ20= 0.0%  eps=0.050  key= 90% door= 80% right= 75% water= 20% lava=  0% goal=  0%
steps= 735792  episodes= 3690  return=  35.00  mean20=  27.75  succ20= 0.0%  eps=0.050  key= 95% door= 90% right= 80% water= 15% lava=  0% goal=  0%
steps= 738018  episodes= 3700  return=  55.00  mean20=  29.00  succ20= 0.0%  eps=0.050  key= 95% door= 85% right= 80% water= 15% lava=  0% goal=  0%
steps= 740007  episodes= 3710  return=  35.00  mean20=  33.25  succ20= 0.0%  eps=0.050  key= 95% door= 85% right= 85% water= 25% lava=  0% goal=  0%
steps= 741977  episodes= 3720  return=  55.00  mean20=  38.50  succ20= 0.0%  eps=0.050  key=100% door=100% right= 95% water= 35% lava=  0% goal=  0%
steps= 743832  episodes= 3730  return=  20.00  mean20=  37.50  succ20= 0.0%  eps=0.050  key=100% door=100% right= 95% water= 25% lava=  0% goal=  0%
steps= 746058  episodes= 3740  return=  35.00  mean20=  41.25  succ20= 0.0%  eps=0.050  key=100% door=100% right=100% water= 35% lava=  5% goal=  0%
steps= 748047  episodes= 3750  return=  35.00  mean20=  42.75  succ20= 0.0%  eps=0.050  key=100% door= 95% right= 95% water= 50% lava=  5% goal=  0%
steps= 750017  episodes= 3760  return=  35.00  mean20=  34.00  succ20= 0.0%  eps=0.050  key=100% door= 90% right= 85% water= 30% lava=  0% goal=  0%
steps= 751872  episodes= 3770  return=  55.00  mean20=  39.00  succ20= 0.0%  eps=0.050  key=100% door= 95% right= 90% water= 45% lava=  0% goal=  0%
steps= 754098  episodes= 3780  return=  20.00  mean20=  43.25  succ20= 0.0%  eps=0.050  key=100% door=100% right= 95% water= 45% lava=  0% goal=  0%
steps= 756087  episodes= 3790  return=  35.00  mean20=  38.50  succ20= 0.0%  eps=0.050  key=100% door=100% right= 90% water= 25% lava=  0% goal=  0%
steps= 757709  episodes= 3800  return=  55.00  mean20=  47.38  succ20= 5.0%  eps=0.050  key=100% door=100% right= 90% water= 35% lava=  5% goal=  5%
steps= 759884  episodes= 3810  return=  35.00  mean20=  55.17  succ20=10.0%  eps=0.050  key= 95% door= 95% right= 90% water= 45% lava= 10% goal= 10%
steps= 762138  episodes= 3820  return=  35.00  mean20=  48.30  succ20= 5.0%  eps=0.050  key= 95% door= 95% right= 95% water= 40% lava=  5% goal=  5%
steps= 763929  episodes= 3830  return=  35.00  mean20=  41.25  succ20= 0.0%  eps=0.050  key=100% door= 95% right= 95% water= 40% lava=  0% goal=  0%
steps= 765749  episodes= 3840  return=  35.00  mean20=  35.25  succ20= 0.0%  eps=0.050  key= 95% door= 85% right= 80% water= 40% lava=  0% goal=  0%
steps= 767626  episodes= 3850  return=  35.00  mean20=  42.74  succ20= 5.0%  eps=0.050  key= 95% door= 90% right= 80% water= 35% lava=  5% goal=  5%
steps= 769532  episodes= 3860  return=  20.00  mean20=  43.24  succ20= 5.0%  eps=0.050  key=100% door= 95% right= 80% water= 25% lava=  5% goal=  5%
steps= 771620  episodes= 3870  return= 208.35  mean20=  49.86  succ20=10.0%  eps=0.050  key= 95% door= 85% right= 75% water= 30% lava= 10% goal= 10%
steps= 773535  episodes= 3880  return=  35.00  mean20=  48.28  succ20=10.0%  eps=0.050  key= 95% door= 90% right= 75% water= 30% lava= 10% goal= 10%
steps= 775397  episodes= 3890  return=   5.00  mean20=  30.06  succ20= 0.0%  eps=0.050  key=100% door=100% right= 75% water= 20% lava=  0% goal=  0%
steps= 777062  episodes= 3900  return=  35.00  mean20=  42.21  succ20= 5.0%  eps=0.050  key= 95% door= 95% right= 80% water= 30% lava=  5% goal=  5%
steps= 779660  episodes= 3910  return=  55.00  mean20=  47.83  succ20= 5.0%  eps=0.050  key= 95% door= 95% right= 80% water= 45% lava=  5% goal=  5%
steps= 781443  episodes= 3920  return=  55.00  mean20=  49.10  succ20= 5.0%  eps=0.050  key= 95% door= 95% right= 85% water= 50% lava= 10% goal=  5%
steps= 783141  episodes= 3930  return=  55.00  mean20=  59.26  succ20=10.0%  eps=0.050  key= 95% door= 95% right= 95% water= 50% lava= 15% goal= 10%
steps= 784833  episodes= 3940  return=  35.00  mean20=  59.01  succ20=10.0%  eps=0.050  key=100% door= 95% right= 95% water= 50% lava= 10% goal= 10%
steps= 786688  episodes= 3950  return=  20.00  mean20=  56.22  succ20=10.0%  eps=0.050  key=100% door= 95% right= 95% water= 45% lava= 10% goal= 10%
steps= 788818  episodes= 3960  return=  75.00  mean20=  53.05  succ20=10.0%  eps=0.050  key=100% door= 90% right= 90% water= 40% lava= 10% goal= 10%
steps= 790916  episodes= 3970  return=  55.00  mean20=  42.75  succ20= 5.0%  eps=0.050  key=100% door= 85% right= 85% water= 35% lava=  5% goal=  5%
steps= 792524  episodes= 3980  return=  55.00  mean20=  55.39  succ20=10.0%  eps=0.050  key=100% door= 95% right= 90% water= 45% lava= 10% goal= 10%
steps= 794307  episodes= 3990  return=  35.00  mean20=  57.95  succ20=10.0%  eps=0.050  key=100% door=100% right= 90% water= 45% lava= 15% goal= 10%
steps= 796336  episodes= 4000  return=  -5.00  mean20=  34.88  succ20= 0.0%  eps=0.050  key=100% door= 90% right= 80% water= 30% lava=  5% goal=  0%
steps= 798410  episodes= 4010  return=  55.00  mean20=  33.00  succ20= 0.0%  eps=0.050  key=100% door= 90% right= 85% water= 25% lava=  0% goal=  0%
[video] /Users/dypaul/Personal/Masters/Reinforcmment Learning/Ex3/src/graphs/complex_dqn/20260718_211902/videos/rollout_800k.mp4  returns=[20, -10, 20, 20, -10, -10]
steps= 800311  episodes= 4020  return=  55.00  mean20=  49.60  succ20= 5.0%  eps=0.050  key=100% door=100% right= 90% water= 50% lava=  5% goal=  5%
steps= 802172  episodes= 4030  return=  40.00  mean20=  58.53  succ20=10.0%  eps=0.050  key=100% door=100% right= 85% water= 60% lava= 10% goal= 10%
steps= 804129  episodes= 4040  return=  35.00  mean20=  43.93  succ20= 5.0%  eps=0.050  key=100% door=100% right= 75% water= 40% lava=  5% goal=  5%
steps= 806178  episodes= 4050  return=  35.00  mean20=  42.84  succ20= 5.0%  eps=0.050  key= 95% door= 95% right= 75% water= 40% lava=  5% goal=  5%
steps= 808181  episodes= 4060  return=  20.00  mean20=  47.09  succ20= 5.0%  eps=0.050  key= 95% door= 95% right= 80% water= 40% lava= 10% goal=  5%
steps= 810212  episodes= 4070  return=  55.00  mean20=  40.00  succ20= 0.0%  eps=0.050  key=100% door= 95% right= 80% water= 40% lava=  5% goal=  0%
steps= 812008  episodes= 4080  return= 205.65  mean20=  59.69  succ20=10.0%  eps=0.050  key=100% door= 95% right= 95% water= 65% lava= 10% goal= 10%
steps= 813899  episodes= 4090  return=  55.00  mean20=  61.19  succ20=10.0%  eps=0.050  key=100% door=100% right= 95% water= 60% lava= 10% goal= 10%
steps= 815826  episodes= 4100  return=   5.00  mean20=  38.25  succ20= 0.0%  eps=0.050  key=100% door=100% right= 75% water= 40% lava=  0% goal=  0%
steps= 817999  episodes= 4110  return= -10.00  mean20=  28.75  succ20= 0.0%  eps=0.050  key= 95% door= 85% right= 65% water= 30% lava=  0% goal=  0%
steps= 820048  episodes= 4120  return=  35.00  mean20=  34.50  succ20= 0.0%  eps=0.050  key= 95% door= 85% right= 80% water= 40% lava=  0% goal=  0%
steps= 821817  episodes= 4130  return=  35.00  mean20=  50.13  succ20= 5.0%  eps=0.050  key=100% door=100% right= 95% water= 45% lava=  5% goal=  5%
steps= 823866  episodes= 4140  return=  35.00  mean20=  52.32  succ20=10.0%  eps=0.050  key= 95% door= 95% right= 90% water= 30% lava= 10% goal= 10%
steps= 825851  episodes= 4150  return= 208.20  mean20=  49.60  succ20=10.0%  eps=0.050  key= 90% door= 90% right= 80% water= 30% lava= 10% goal= 10%
steps= 827647  episodes= 4160  return=  55.00  mean20=  53.46  succ20=10.0%  eps=0.050  key= 95% door= 95% right= 90% water= 35% lava= 10% goal= 10%
steps= 829593  episodes= 4170  return=  35.00  mean20=  52.19  succ20=10.0%  eps=0.050  key=100% door=100% right= 90% water= 25% lava= 10% goal= 10%
steps= 831304  episodes= 4180  return=  35.00  mean20=  42.41  succ20=10.0%  eps=0.050  key= 95% door= 85% right= 65% water= 10% lava= 10% goal= 10%
steps= 833447  episodes= 4190  return= 208.65  mean20=  43.45  succ20=10.0%  eps=0.050  key= 90% door= 80% right= 65% water= 20% lava= 10% goal= 10%
steps= 835132  episodes= 4200  return=  55.00  mean20=  40.68  succ20= 5.0%  eps=0.050  key= 90% door= 85% right= 80% water= 30% lava=  5% goal=  5%
steps= 837125  episodes= 4210  return=  35.00  mean20=  32.75  succ20= 0.0%  eps=0.050  key= 95% door= 90% right= 85% water= 30% lava=  0% goal=  0%
steps= 839241  episodes= 4220  return=  55.00  mean20=  54.62  succ20=10.0%  eps=0.050  key=100% door=100% right= 95% water= 40% lava= 10% goal= 10%
steps= 840952  episodes= 4230  return=  35.00  mean20=  53.62  succ20=10.0%  eps=0.050  key=100% door= 95% right= 85% water= 40% lava= 10% goal= 10%
steps= 842740  episodes= 4240  return=  20.00  mean20=  35.25  succ20= 0.0%  eps=0.050  key= 95% door= 90% right= 75% water= 45% lava=  0% goal=  0%
steps= 844973  episodes= 4250  return= 207.75  mean20=  61.85  succ20=15.0%  eps=0.050  key= 90% door= 90% right= 85% water= 55% lava= 15% goal= 15%
steps= 846755  episodes= 4260  return=  20.00  mean20=  56.35  succ20=15.0%  eps=0.050  key= 95% door= 90% right= 85% water= 30% lava= 15% goal= 15%
steps= 848889  episodes= 4270  return=  20.00  mean20=  27.25  succ20= 0.0%  eps=0.050  key= 90% door= 85% right= 75% water= 20% lava=  0% goal=  0%
steps= 850600  episodes= 4280  return=  35.00  mean20=  41.19  succ20= 5.0%  eps=0.050  key= 90% door= 90% right= 80% water= 30% lava=  5% goal=  5%
steps= 852313  episodes= 4290  return=  35.00  mean20=  54.61  succ20=10.0%  eps=0.050  key=100% door=100% right= 95% water= 25% lava= 10% goal= 10%
steps= 854684  episodes= 4300  return=  20.00  mean20=  44.17  succ20= 5.0%  eps=0.050  key=100% door=100% right= 95% water= 15% lava=  5% goal=  5%
steps= 856403  episodes= 4310  return=  35.00  mean20=  35.49  succ20= 0.0%  eps=0.050  key=100% door=100% right= 95% water= 10% lava=  0% goal=  0%
steps= 858477  episodes= 4320  return=  -5.00  mean20=  38.35  succ20= 5.0%  eps=0.050  key= 90% door= 85% right= 85% water= 15% lava=  5% goal=  5%
steps= 860182  episodes= 4330  return=  -5.00  mean20=  40.63  succ20=10.0%  eps=0.050  key= 90% door= 75% right= 65% water= 25% lava= 10% goal= 10%
steps= 861858  episodes= 4340  return=  35.00  mean20=  33.52  succ20= 5.0%  eps=0.050  key=100% door= 80% right= 70% water= 15% lava=  5% goal=  5%
steps= 864071  episodes= 4350  return=  35.00  mean20=  29.75  succ20= 0.0%  eps=0.050  key=100% door= 90% right= 80% water=  5% lava=  0% goal=  0%
steps= 866051  episodes= 4360  return=  35.00  mean20=  26.50  succ20= 0.0%  eps=0.050  key= 95% door= 90% right= 70% water=  5% lava=  0% goal=  0%
steps= 868222  episodes= 4370  return=  35.00  mean20=  21.50  succ20= 0.0%  eps=0.050  key= 95% door= 80% right= 60% water=  0% lava=  0% goal=  0%
steps= 869898  episodes= 4380  return=  35.00  mean20=  30.82  succ20= 5.0%  eps=0.050  key= 95% door= 75% right= 65% water=  5% lava=  5% goal=  5%
steps= 871879  episodes= 4390  return=  -5.00  mean20=  31.57  succ20= 5.0%  eps=0.050  key= 90% door= 75% right= 70% water= 10% lava=  5% goal=  5%
steps= 873662  episodes= 4400  return=  40.00  mean20=  40.19  succ20=10.0%  eps=0.050  key= 95% door= 75% right= 65% water= 20% lava= 10% goal= 10%
steps= 875699  episodes= 4410  return=  55.00  mean20=  43.69  succ20=10.0%  eps=0.050  key=100% door= 85% right= 75% water= 20% lava= 10% goal= 10%
steps= 877938  episodes= 4420  return=  35.00  mean20=  40.80  succ20= 5.0%  eps=0.050  key=100% door= 95% right= 90% water= 15% lava=  5% goal=  5%
steps= 879789  episodes= 4430  return=  20.00  mean20=  38.55  succ20= 5.0%  eps=0.050  key=100% door= 85% right= 75% water= 20% lava=  5% goal=  5%
steps= 881412  episodes= 4440  return=  35.00  mean20=  34.08  succ20= 5.0%  eps=0.050  key=100% door= 90% right= 60% water= 15% lava=  5% goal=  5%
steps= 883135  episodes= 4450  return=   5.00  mean20=  35.36  succ20= 5.0%  eps=0.050  key= 95% door= 95% right= 70% water= 10% lava= 10% goal=  5%
steps= 884918  episodes= 4460  return=  20.00  mean20=  40.88  succ20= 5.0%  eps=0.050  key= 95% door= 95% right= 80% water= 30% lava= 10% goal=  5%
steps= 886742  episodes= 4470  return= -10.00  mean20=  66.10  succ20=20.0%  eps=0.050  key= 90% door= 90% right= 75% water= 55% lava= 20% goal= 20%
steps= 888599  episodes= 4480  return=  35.00  mean20=  61.68  succ20=20.0%  eps=0.050  key= 90% door= 85% right= 65% water= 35% lava= 20% goal= 20%
steps= 890800  episodes= 4490  return=  55.00  mean20=  41.11  succ20=10.0%  eps=0.050  key= 90% door= 80% right= 65% water= 20% lava= 10% goal= 10%
steps= 892410  episodes= 4500  return=  35.00  mean20=  43.58  succ20=10.0%  eps=0.050  key= 80% door= 75% right= 75% water= 30% lava= 10% goal= 10%
steps= 894258  episodes= 4510  return=  55.00  mean20=  50.33  succ20=10.0%  eps=0.050  key= 90% door= 90% right= 85% water= 30% lava= 10% goal= 10%
steps= 896220  episodes= 4520  return=  35.00  mean20=  52.11  succ20=10.0%  eps=0.050  key=100% door=100% right= 90% water= 20% lava= 10% goal= 10%
steps= 898049  episodes= 4530  return=  35.00  mean20=  43.19  succ20= 5.0%  eps=0.050  key=100% door=100% right= 95% water= 10% lava=  5% goal=  5%
steps= 899657  episodes= 4540  return=  35.00  mean20=  55.60  succ20=10.0%  eps=0.050  key=100% door=100% right=100% water= 30% lava= 10% goal= 10%
[video] /Users/dypaul/Personal/Masters/Reinforcmment Learning/Ex3/src/graphs/complex_dqn/20260718_211902/videos/rollout_900k.mp4  returns=[20, -5, 20, 20, 35, 35]

=== RESULT ===
eval success_rate = 2.0%
  stage_key    68%
  stage_door   46%
  stage_right  44%
  stage_water  2%
  stage_lava   2%
  stage_goal   2%
wall time = 112.9 min  |  saved → /Users/dypaul/Personal/Masters/Reinforcmment Learning/Ex3/src/graphs/complex_dqn/20260718_211902