objc[50971]: Class SDLApplication is implemented in both /Users/EyalsMac/University/Masters/Reinforcment Learning/Final Project/RLEX3/.venv/lib/python3.13/site-packages/pygame/.dylibs/libSDL2-2.0.0.dylib (0x1260a4a68) and /Users/EyalsMac/University/Masters/Reinforcment Learning/Final Project/RLEX3/.venv/lib/python3.13/site-packages/cv2/.dylibs/libSDL2-2.0.0.dylib (0x1672d0890). This may cause spurious casting failures and mysterious crashes. One of the duplicates must be removed or renamed.
objc[50971]: Class SDLAppDelegate is implemented in both /Users/EyalsMac/University/Masters/Reinforcment Learning/Final Project/RLEX3/.venv/lib/python3.13/site-packages/pygame/.dylibs/libSDL2-2.0.0.dylib (0x1260a4ab8) and /Users/EyalsMac/University/Masters/Reinforcment Learning/Final Project/RLEX3/.venv/lib/python3.13/site-packages/cv2/.dylibs/libSDL2-2.0.0.dylib (0x1672d08e0). This may cause spurious casting failures and mysterious crashes. One of the duplicates must be removed or renamed.
objc[50971]: Class SDLTranslatorResponder is implemented in both /Users/EyalsMac/University/Masters/Reinforcment Learning/Final Project/RLEX3/.venv/lib/python3.13/site-packages/pygame/.dylibs/libSDL2-2.0.0.dylib (0x1260a4b30) and /Users/EyalsMac/University/Masters/Reinforcment Learning/Final Project/RLEX3/.venv/lib/python3.13/site-packages/cv2/.dylibs/libSDL2-2.0.0.dylib (0x1672d0958). This may cause spurious casting failures and mysterious crashes. One of the duplicates must be removed or renamed.
objc[50971]: Class SDLMessageBoxPresenter is implemented in both /Users/EyalsMac/University/Masters/Reinforcment Learning/Final Project/RLEX3/.venv/lib/python3.13/site-packages/pygame/.dylibs/libSDL2-2.0.0.dylib (0x1260a4b58) and /Users/EyalsMac/University/Masters/Reinforcment Learning/Final Project/RLEX3/.venv/lib/python3.13/site-packages/cv2/.dylibs/libSDL2-2.0.0.dylib (0x1672d0980). This may cause spurious casting failures and mysterious crashes. One of the duplicates must be removed or renamed.
objc[50971]: Class SDL_cocoametalview is implemented in both /Users/EyalsMac/University/Masters/Reinforcment Learning/Final Project/RLEX3/.venv/lib/python3.13/site-packages/pygame/.dylibs/libSDL2-2.0.0.dylib (0x1260a4ba8) and /Users/EyalsMac/University/Masters/Reinforcment Learning/Final Project/RLEX3/.venv/lib/python3.13/site-packages/cv2/.dylibs/libSDL2-2.0.0.dylib (0x1672d09d0). This may cause spurious casting failures and mysterious crashes. One of the duplicates must be removed or renamed.
objc[50971]: Class SDLOpenGLContext is implemented in both /Users/EyalsMac/University/Masters/Reinforcment Learning/Final Project/RLEX3/.venv/lib/python3.13/site-packages/pygame/.dylibs/libSDL2-2.0.0.dylib (0x1260a4bf8) and /Users/EyalsMac/University/Masters/Reinforcment Learning/Final Project/RLEX3/.venv/lib/python3.13/site-packages/cv2/.dylibs/libSDL2-2.0.0.dylib (0x1672d0a20). This may cause spurious casting failures and mysterious crashes. One of the duplicates must be removed or renamed.
objc[50971]: Class SDL_ShapeData is implemented in both /Users/EyalsMac/University/Masters/Reinforcment Learning/Final Project/RLEX3/.venv/lib/python3.13/site-packages/pygame/.dylibs/libSDL2-2.0.0.dylib (0x1260a4c70) and /Users/EyalsMac/University/Masters/Reinforcment Learning/Final Project/RLEX3/.venv/lib/python3.13/site-packages/cv2/.dylibs/libSDL2-2.0.0.dylib (0x1672d0a98). This may cause spurious casting failures and mysterious crashes. One of the duplicates must be removed or renamed.
objc[50971]: Class SDL_CocoaClosure is implemented in both /Users/EyalsMac/University/Masters/Reinforcment Learning/Final Project/RLEX3/.venv/lib/python3.13/site-packages/pygame/.dylibs/libSDL2-2.0.0.dylib (0x1260a4cc0) and /Users/EyalsMac/University/Masters/Reinforcment Learning/Final Project/RLEX3/.venv/lib/python3.13/site-packages/cv2/.dylibs/libSDL2-2.0.0.dylib (0x1672d0ae8). This may cause spurious casting failures and mysterious crashes. One of the duplicates must be removed or renamed.
objc[50971]: Class SDL_VideoData is implemented in both /Users/EyalsMac/University/Masters/Reinforcment Learning/Final Project/RLEX3/.venv/lib/python3.13/site-packages/pygame/.dylibs/libSDL2-2.0.0.dylib (0x1260a4d10) and /Users/EyalsMac/University/Masters/Reinforcment Learning/Final Project/RLEX3/.venv/lib/python3.13/site-packages/cv2/.dylibs/libSDL2-2.0.0.dylib (0x1672d0b38). This may cause spurious casting failures and mysterious crashes. One of the duplicates must be removed or renamed.
objc[50971]: Class SDL_WindowData is implemented in both /Users/EyalsMac/University/Masters/Reinforcment Learning/Final Project/RLEX3/.venv/lib/python3.13/site-packages/pygame/.dylibs/libSDL2-2.0.0.dylib (0x1260a4d60) and /Users/EyalsMac/University/Masters/Reinforcment Learning/Final Project/RLEX3/.venv/lib/python3.13/site-packages/cv2/.dylibs/libSDL2-2.0.0.dylib (0x1672d0b88). This may cause spurious casting failures and mysterious crashes. One of the duplicates must be removed or renamed.
objc[50971]: Class SDLWindow is implemented in both /Users/EyalsMac/University/Masters/Reinforcment Learning/Final Project/RLEX3/.venv/lib/python3.13/site-packages/pygame/.dylibs/libSDL2-2.0.0.dylib (0x1260a4d88) and /Users/EyalsMac/University/Masters/Reinforcment Learning/Final Project/RLEX3/.venv/lib/python3.13/site-packages/cv2/.dylibs/libSDL2-2.0.0.dylib (0x1672d0bb0). This may cause spurious casting failures and mysterious crashes. One of the duplicates must be removed or renamed.
objc[50971]: Class Cocoa_WindowListener is implemented in both /Users/EyalsMac/University/Masters/Reinforcment Learning/Final Project/RLEX3/.venv/lib/python3.13/site-packages/pygame/.dylibs/libSDL2-2.0.0.dylib (0x1260a4db0) and /Users/EyalsMac/University/Masters/Reinforcment Learning/Final Project/RLEX3/.venv/lib/python3.13/site-packages/cv2/.dylibs/libSDL2-2.0.0.dylib (0x1672d0bd8). This may cause spurious casting failures and mysterious crashes. One of the duplicates must be removed or renamed.
objc[50971]: Class SDLView is implemented in both /Users/EyalsMac/University/Masters/Reinforcment Learning/Final Project/RLEX3/.venv/lib/python3.13/site-packages/pygame/.dylibs/libSDL2-2.0.0.dylib (0x1260a4e28) and /Users/EyalsMac/University/Masters/Reinforcment Learning/Final Project/RLEX3/.venv/lib/python3.13/site-packages/cv2/.dylibs/libSDL2-2.0.0.dylib (0x1672d0c50). This may cause spurious casting failures and mysterious crashes. One of the duplicates must be removed or renamed.
objc[50971]: Class METAL_RenderData is implemented in both /Users/EyalsMac/University/Masters/Reinforcment Learning/Final Project/RLEX3/.venv/lib/python3.13/site-packages/pygame/.dylibs/libSDL2-2.0.0.dylib (0x1260a4ea0) and /Users/EyalsMac/University/Masters/Reinforcment Learning/Final Project/RLEX3/.venv/lib/python3.13/site-packages/cv2/.dylibs/libSDL2-2.0.0.dylib (0x1672d0cc8). This may cause spurious casting failures and mysterious crashes. One of the duplicates must be removed or renamed.
objc[50971]: Class METAL_TextureData is implemented in both /Users/EyalsMac/University/Masters/Reinforcment Learning/Final Project/RLEX3/.venv/lib/python3.13/site-packages/pygame/.dylibs/libSDL2-2.0.0.dylib (0x1260a4ef0) and /Users/EyalsMac/University/Masters/Reinforcment Learning/Final Project/RLEX3/.venv/lib/python3.13/site-packages/cv2/.dylibs/libSDL2-2.0.0.dylib (0x1672d0d18). This may cause spurious casting failures and mysterious crashes. One of the duplicates must be removed or renamed.
objc[50971]: Class SDL_RumbleMotor is implemented in both /Users/EyalsMac/University/Masters/Reinforcment Learning/Final Project/RLEX3/.venv/lib/python3.13/site-packages/pygame/.dylibs/libSDL2-2.0.0.dylib (0x1260a49c8) and /Users/EyalsMac/University/Masters/Reinforcment Learning/Final Project/RLEX3/.venv/lib/python3.13/site-packages/cv2/.dylibs/libSDL2-2.0.0.dylib (0x1672d0d40). This may cause spurious casting failures and mysterious crashes. One of the duplicates must be removed or renamed.
objc[50971]: Class SDL_RumbleContext is implemented in both /Users/EyalsMac/University/Masters/Reinforcment Learning/Final Project/RLEX3/.venv/lib/python3.13/site-packages/pygame/.dylibs/libSDL2-2.0.0.dylib (0x1260a4a18) and /Users/EyalsMac/University/Masters/Reinforcment Learning/Final Project/RLEX3/.venv/lib/python3.13/site-packages/cv2/.dylibs/libSDL2-2.0.0.dylib (0x1672d0d90). This may cause spurious casting failures and mysterious crashes. One of the duplicates must be removed or renamed.
device: mps (Apple Metal — float32 only; fallback enabled)
2×2 tile×arch A/B  steps=250000  recipe=frequent_updates+door_heavy

[1/4] tile12_arch1  tile=12 width_mult=1

============================================================
▶ tile12_arch1  steps=250000  dqn=frequent_updates  shape=door_heavy  gray=True  horizon=200

steps=  49957  episodes=  250  return=   8.00  mean20= -12.60  succ20= 0.0%  eps=0.292  key= 80% door= 20% right=  0% water=  0% lava=  0% goal=  0%
steps=  99673  episodes=  500  return= -20.00  mean20= -12.95  succ20= 0.0%  eps=0.150  key= 55% door= 20% right=  5% water=  0% lava=  0% goal=  0%
steps= 149401  episodes=  750  return=   8.00  mean20=  -7.85  succ20= 0.0%  eps=0.150  key= 60% door= 35% right= 20% water=  0% lava=  0% goal=  0%
steps= 199172  episodes= 1000  return= -17.00  mean20=  -4.10  succ20= 0.0%  eps=0.150  key= 85% door= 45% right= 25% water=  5% lava=  0% goal=  0%
steps= 249137  episodes= 1250  return= -20.00  mean20=  -6.70  succ20= 0.0%  eps=0.150  key= 70% door= 40% right= 15% water=  0% lava=  0% goal=  0%
✓ tile12_arch1  52.4min  door_late=38%  key_late=68%  eval_succ=0%  eval_door=27%  score=7.2

[2/4] tile12_arch2  tile=12 width_mult=2

============================================================
▶ tile12_arch2  steps=250000  dqn=frequent_updates  shape=door_heavy  gray=True  horizon=200

steps=  49738  episodes=  250  return= -17.00  mean20= -14.85  succ20= 0.0%  eps=0.295  key= 60% door= 10% right= 10% water=  0% lava=  0% goal=  0%
steps=  99528  episodes=  500  return= -17.00  mean20= -12.35  succ20= 0.0%  eps=0.150  key= 75% door= 20% right=  5% water=  0% lava=  0% goal=  0%
steps= 149426  episodes=  750  return= -17.00  mean20=  -7.25  succ20= 0.0%  eps=0.150  key= 65% door= 40% right= 10% water=  0% lava=  0% goal=  0%
steps= 199270  episodes= 1000  return= -20.00  mean20=  -4.84  succ20= 0.0%  eps=0.150  key= 70% door= 45% right= 20% water=  0% lava=  0% goal=  0%
steps= 249066  episodes= 1250  return=   8.00  mean20=   4.90  succ20= 0.0%  eps=0.150  key= 85% door= 75% right= 45% water=  0% lava=  0% goal=  0%
✓ tile12_arch2  95.1min  door_late=56%  key_late=78%  eval_succ=0%  eval_door=27%  score=6.2

[3/4] tile16_arch1  tile=16 width_mult=1

============================================================
▶ tile16_arch1  steps=250000  dqn=frequent_updates  shape=door_heavy  gray=True  horizon=200

steps=  49944  episodes=  250  return= -17.00  mean20= -16.05  succ20= 0.0%  eps=0.292  key= 90% door=  5% right=  0% water=  0% lava=  0% goal=  0%
steps=  99903  episodes=  500  return= -17.00  mean20= -18.65  succ20= 0.0%  eps=0.150  key= 45% door=  0% right=  0% water=  0% lava=  0% goal=  0%
steps= 149736  episodes=  750  return= -17.00  mean20= -15.10  succ20= 0.0%  eps=0.150  key= 80% door= 10% right=  0% water=  0% lava=  0% goal=  0%
steps= 199710  episodes= 1000  return= -20.00  mean20= -12.25  succ20= 0.0%  eps=0.150  key= 65% door= 20% right= 10% water=  0% lava=  0% goal=  0%
